[www.sciencedirect.com/journal/biological-conservation/issues.html]
[backblue.gif]
[fade.gif]
[index.html]
[www.sciencedirect.com/journal/biological-conservation/articles-in-press.html]
[www.sciencedirect.com/journal/biological-conservation/vol/225/suppl/C.html]
[www.sciencedirect.com/journal/biological-conservation/special-issues.html]
[www.sciencedirect.com/journal/biological-conservation/vol/224/suppl/C.html]
[www.sciencedirect.com/journal/biological-conservation/vol/223/suppl/C.html]
[www.sciencedirect.com/journal/biological-conservation/vol/222/suppl/C.html]
[www.sciencedirect.com/journal/biological-conservation/vol/221/suppl/C.html]
[www.sciencedirect.com/journal/biological-conservation/vol/220/suppl/C.html]
[www.sciencedirect.com/journal/biological-conservation/vol/219/suppl/C.html]
[www.sciencedirect.com/journal/biological-conservation/vol/218/suppl/C.html]
[www.sciencedirect.com/journal/biological-conservation/issues.html]
[www.sciencedirect.com/journal/biological-conservation/articles-in-press.html]
[www.sciencedirect.com/journal/biological-conservation/vol/225/suppl/C.html]
[www.sciencedirect.com/journal/biological-conservation/vol/217/suppl/C.html]
[www.sciencedirect.com/journal/biological-conservation/vol/213/part/PB.html]
[www.sciencedirect.com/journal/biological-conservation/vol/212/part/PB.html]
[www.sciencedirect.com/journal/biological-conservation/vol/211/part/PB.html]
[www.sciencedirect.com/journal/biological-conservation/vol/210/part/PB.html]
[www.sciencedirect.com/journal/biological-conservation/vol/208/suppl/C.html]
[www.sciencedirect.com/journal/biological-conservation/vol/204/part/PA.html]
[www.sciencedirect.com/journal/biological-conservation/vol/189/suppl/C.html]
[www.sciencedirect.com/journal/biological-conservation/vol/188/suppl/C.html]
[www.sciencedirect.com/journal/biological-conservation/vol/185/suppl/C.html]
[www.sciencedirect.com/journal/biological-conservation/vol/183/suppl/C.html]
[www.sciencedirect.com/journal/biological-conservation/vol/163/suppl/C.html]
[www.sciencedirect.com/journal/biological-conservation/vol/156/suppl/C.html]
[www.sciencedirect.com/journal/biological-conservation/vol/154/suppl/C.html]
[www.sciencedirect.com/journal/biological-conservation/vol/151/issue/1.html]
[www.sciencedirect.com/journal/biological-conservation/vol/144/issue/5.html]
[www.sciencedirect.com/journal/biological-conservation/vol/144/issue/4.html]
[www.sciencedirect.com/journal/biological-conservation/vol/144/issue/3.html]
[www.sciencedirect.com/journal/biological-conservation/vol/143/issue/12.html]
[www.sciencedirect.com/journal/biological-conservation/vol/143/issue/10.html]
[www.sciencedirect.com/journal/biological-conservation/vol/143/issue/7.html]
[www.sciencedirect.com/journal/biological-conservation/vol/142/issue/9.html]
[www.sciencedirect.com/journal/biological-conservation/vol/142/issue/6.html]
[www.sciencedirect.com/journal/biological-conservation/vol/137/issue/4.html]
[www.sciencedirect.com/journal/biological-conservation/vol/136/issue/1.html]
[www.sciencedirect.com/journal/biological-conservation/vol/135/issue/3.html]
[www.sciencedirect.com/journal/biological-conservation/vol/134/issue/2.html]
[www.sciencedirect.com/journal/biological-conservation/vol/131/issue/2.html]
[www.sciencedirect.com/journal/biological-conservation/vol/127/issue/3.html]
[www.sciencedirect.com/journal/biological-conservation/vol/113/issue/3.html]
[www.sciencedirect.com/journal/biological-conservation/vol/112/issue/1.html]
[www.sciencedirect.com/journal/biological-conservation/special-issues.html]
[www.sciencedirect.com/journal/biological-conservation/vol/224/suppl/C.html]
[www.sciencedirect.com/journal/biological-conservation/vol/223/suppl/C.html]
[www.sciencedirect.com/journal/biological-conservation/vol/222/suppl/C.html]
[www.sciencedirect.com/journal/biological-conservation/vol/221/suppl/C.html]
[www.sciencedirect.com/journal/biological-conservation/vol/220/suppl/C.html]
[www.sciencedirect.com/journal/biological-conservation/vol/219/suppl/C.html]
[www.sciencedirect.com/journal/biological-conservation/vol/218/suppl/C.html]
[www.sciencedirect.com/journal/biological-conservation/vol/217/suppl/C.html]
[www.sciencedirect.com/journal/biological-conservation/vol/216/suppl/C.html]
[www.sciencedirect.com/journal/biological-conservation/vol/213/part/PA.html]
[www.sciencedirect.com/journal/biological-conservation/vol/213/part/PB.html]
[www.sciencedirect.com/journal/biological-conservation/vol/214/suppl/C.html]
[www.sciencedirect.com/journal/biological-conservation/vol/212/part/PB.html]
[www.sciencedirect.com/journal/biological-conservation/vol/212/part/PA.html]
[www.sciencedirect.com/journal/biological-conservation/vol/211/part/PA.html]
[www.sciencedirect.com/journal/biological-conservation/vol/211/part/PB.html]
[www.sciencedirect.com/journal/biological-conservation/vol/210/part/PB.html]
[www.sciencedirect.com/journal/biological-conservation/vol/210/part/PA.html]
[www.sciencedirect.com/journal/biological-conservation/vol/207/suppl/C.html]
[www.sciencedirect.com/journal/biological-conservation/vol/208/suppl/C.html]
[www.sciencedirect.com/journal/biological-conservation/vol/209/suppl/C.html]
[www.sciencedirect.com/journal/biological-conservation/vol/203/suppl/C.html]
[www.sciencedirect.com/journal/biological-conservation/vol/204/part/PA.html]
[www.sciencedirect.com/journal/biological-conservation/vol/204/part/PB.html]
[www.sciencedirect.com/journal/biological-conservation/vol/189/suppl/C.html]
[www.sciencedirect.com/journal/biological-conservation/vol/190/suppl/C.html]
[www.sciencedirect.com/journal/biological-conservation/vol/188/suppl/C.html]
[www.sciencedirect.com/journal/biological-conservation/vol/187/suppl/C.html]
[www.sciencedirect.com/journal/biological-conservation/vol/184/suppl/C.html]
[www.sciencedirect.com/journal/biological-conservation/vol/185/suppl/C.html]
[www.sciencedirect.com/journal/biological-conservation/vol/186/suppl/C.html]
[www.sciencedirect.com/journal/biological-conservation/vol/182/suppl/C.html]
[www.sciencedirect.com/journal/biological-conservation/vol/183/suppl/C.html]
[www.sciencedirect.com/journal/biological-conservation/vol/162/suppl/C.html]
[www.sciencedirect.com/journal/biological-conservation/vol/164/suppl/C.html]
[www.sciencedirect.com/journal/biological-conservation/vol/163/suppl/C.html]
[www.sciencedirect.com/journal/biological-conservation/vol/155/suppl/C.html]
[www.sciencedirect.com/journal/biological-conservation/vol/156/suppl/C.html]
[www.sciencedirect.com/journal/biological-conservation/vol/157/suppl/C.html]
[www.sciencedirect.com/journal/biological-conservation/vol/154/suppl/C.html]
[www.sciencedirect.com/journal/biological-conservation/vol/153/suppl/C.html]
[www.sciencedirect.com/journal/biological-conservation/vol/150/issue/1.html]
[www.sciencedirect.com/journal/biological-conservation/vol/152/suppl/C.html]
[www.sciencedirect.com/journal/biological-conservation/vol/151/issue/1.html]
[www.sciencedirect.com/journal/biological-conservation/vol/144/issue/6.html]
[www.sciencedirect.com/journal/biological-conservation/vol/144/issue/5.html]
[www.sciencedirect.com/journal/biological-conservation/vol/144/issue/4.html]
[www.sciencedirect.com/journal/biological-conservation/vol/144/issue/3.html]
[www.sciencedirect.com/journal/biological-conservation/vol/144/issue/2.html]
[www.sciencedirect.com/journal/biological-conservation/vol/143/issue/11.html]
[www.sciencedirect.com/journal/biological-conservation/vol/143/issue/12.html]
[www.sciencedirect.com/journal/biological-conservation/vol/144/issue/1.html]
[www.sciencedirect.com/journal/biological-conservation/vol/143/issue/10.html]
[www.sciencedirect.com/journal/biological-conservation/vol/143/issue/9.html]
[www.sciencedirect.com/journal/biological-conservation/vol/143/issue/6.html]
[www.sciencedirect.com/journal/biological-conservation/vol/143/issue/7.html]
[www.sciencedirect.com/journal/biological-conservation/vol/143/issue/8.html]
[www.sciencedirect.com/journal/biological-conservation/vol/142/issue/8.html]
[www.sciencedirect.com/journal/biological-conservation/vol/142/issue/9.html]
[www.sciencedirect.com/journal/biological-conservation/vol/142/issue/10.html]
[www.sciencedirect.com/journal/biological-conservation/vol/142/issue/5.html]
[www.sciencedirect.com/journal/biological-conservation/vol/142/issue/6.html]
[www.sciencedirect.com/journal/biological-conservation/vol/142/issue/7.html]
[www.sciencedirect.com/journal/biological-conservation/vol/137/issue/3.html]
[www.sciencedirect.com/journal/biological-conservation/vol/138/issue/1.html]
[www.sciencedirect.com/journal/biological-conservation/vol/137/issue/4.html]
[www.sciencedirect.com/journal/biological-conservation/vol/135/issue/4.html]
[www.sciencedirect.com/journal/biological-conservation/vol/136/issue/2.html]
[www.sciencedirect.com/journal/biological-conservation/vol/136/issue/1.html]
[www.sciencedirect.com/journal/biological-conservation/vol/135/issue/2.html]
[www.sciencedirect.com/journal/biological-conservation/vol/135/issue/3.html]
[www.sciencedirect.com/journal/biological-conservation/vol/134/issue/1.html]
[www.sciencedirect.com/journal/biological-conservation/vol/134/issue/3.html]
[www.sciencedirect.com/journal/biological-conservation/vol/134/issue/2.html]
[www.sciencedirect.com/journal/biological-conservation/vol/131/issue/1.html]
[www.sciencedirect.com/journal/biological-conservation/vol/131/issue/3.html]
[www.sciencedirect.com/journal/biological-conservation/vol/131/issue/2.html]
[www.sciencedirect.com/journal/biological-conservation/vol/127/issue/2.html]
[www.sciencedirect.com/journal/biological-conservation/vol/127/issue/4.html]
[www.sciencedirect.com/journal/biological-conservation/vol/127/issue/3.html]
[www.sciencedirect.com/journal/biological-conservation/vol/113/issue/2.html]
[www.sciencedirect.com/journal/biological-conservation/vol/114/issue/1.html]
[www.sciencedirect.com/journal/biological-conservation/vol/113/issue/3.html]
[www.sciencedirect.com/journal/biological-conservation/vol/111/issue/3.html]
[www.sciencedirect.com/journal/biological-conservation/vol/112/issue/3.html]
[www.sciencedirect.com/journal/biological-conservation/vol/112/issue/1.html]
[www.sciencedirect.com/journal/biological-conservation/vol/216/suppl/C.html]
[www.sciencedirect.com/journal/biological-conservation/vol/213/part/PA.html]
[www.sciencedirect.com/journal/biological-conservation/vol/214/suppl/C.html]
[www.sciencedirect.com/journal/biological-conservation/vol/212/part/PA.html]
[www.sciencedirect.com/journal/biological-conservation/vol/211/part/PA.html]
[www.sciencedirect.com/journal/biological-conservation/vol/210/part/PA.html]
[www.sciencedirect.com/journal/biological-conservation/vol/215/suppl/C.html]
[www.sciencedirect.com/journal/biological-conservation/vol/207/suppl/C.html]
[www.sciencedirect.com/journal/biological-conservation/vol/209/suppl/C.html]
[www.sciencedirect.com/journal/biological-conservation/vol/206/suppl/C.html]
[www.sciencedirect.com/journal/biological-conservation/vol/203/suppl/C.html]
[www.sciencedirect.com/journal/biological-conservation/vol/202/suppl/C.html]
[www.sciencedirect.com/journal/biological-conservation/vol/204/part/PB.html]
[www.sciencedirect.com/journal/biological-conservation/vol/205/suppl/C.html]
[www.sciencedirect.com/journal/biological-conservation/vol/190/suppl/C.html]
[www.sciencedirect.com/journal/biological-conservation/vol/187/suppl/C.html]
[www.sciencedirect.com/journal/biological-conservation/vol/184/suppl/C.html]
[www.sciencedirect.com/journal/biological-conservation/vol/186/suppl/C.html]
[www.sciencedirect.com/journal/biological-conservation/vol/191/suppl/C.html]
[www.sciencedirect.com/journal/biological-conservation/vol/182/suppl/C.html]
[www.sciencedirect.com/journal/biological-conservation/vol/181/suppl/C.html]
[www.sciencedirect.com/journal/biological-conservation/vol/162/suppl/C.html]
[www.sciencedirect.com/journal/biological-conservation/vol/161/suppl/C.html]
[www.sciencedirect.com/journal/biological-conservation/vol/165/suppl/C.html]
[www.sciencedirect.com/journal/biological-conservation/vol/164/suppl/C.html]
[www.sciencedirect.com/journal/biological-conservation/vol/155/suppl/C.html]
[www.sciencedirect.com/journal/biological-conservation/vol/157/suppl/C.html]
[www.sciencedirect.com/journal/biological-conservation/vol/153/suppl/C.html]
[www.sciencedirect.com/journal/biological-conservation/vol/158/suppl/C.html]
[www.sciencedirect.com/journal/biological-conservation/vol/150/issue/1.html]
[www.sciencedirect.com/journal/biological-conservation/vol/152/suppl/C.html]
[www.sciencedirect.com/journal/biological-conservation/vol/149/issue/1.html]
[www.sciencedirect.com/journal/biological-conservation/vol/144/issue/7.html]
[www.sciencedirect.com/journal/biological-conservation/vol/144/issue/6.html]
[www.sciencedirect.com/journal/biological-conservation/vol/144/issue/2.html]
[www.sciencedirect.com/journal/biological-conservation/vol/143/issue/11.html]
[www.sciencedirect.com/journal/biological-conservation/vol/144/issue/1.html]
[www.sciencedirect.com/journal/biological-conservation/vol/143/issue/9.html]
[www.sciencedirect.com/journal/biological-conservation/vol/143/issue/6.html]
[www.sciencedirect.com/journal/biological-conservation/vol/143/issue/8.html]
[www.sciencedirect.com/journal/biological-conservation/vol/142/issue/8.html]
[www.sciencedirect.com/journal/biological-conservation/vol/143/issue/5.html]
[www.sciencedirect.com/journal/biological-conservation/vol/142/issue/10.html]
[www.sciencedirect.com/journal/biological-conservation/vol/142/issue/11.html]
[www.sciencedirect.com/journal/biological-conservation/vol/142/issue/4.html]
[www.sciencedirect.com/journal/biological-conservation/vol/142/issue/5.html]
[www.sciencedirect.com/journal/biological-conservation/vol/142/issue/7.html]
[www.sciencedirect.com/journal/biological-conservation/vol/137/issue/2.html]
[www.sciencedirect.com/journal/biological-conservation/vol/137/issue/3.html]
[www.sciencedirect.com/journal/biological-conservation/vol/138/issue/3.html]
[www.sciencedirect.com/journal/biological-conservation/vol/138/issue/1.html]
[www.sciencedirect.com/journal/biological-conservation/vol/135/issue/4.html]
[www.sciencedirect.com/journal/biological-conservation/vol/136/issue/3.html]
[www.sciencedirect.com/journal/biological-conservation/vol/136/issue/2.html]
[www.sciencedirect.com/journal/biological-conservation/vol/135/issue/1.html]
[www.sciencedirect.com/journal/biological-conservation/vol/135/issue/2.html]
[www.sciencedirect.com/journal/biological-conservation/vol/134/issue/1.html]
[www.sciencedirect.com/journal/biological-conservation/vol/133/issue/4.html]
[www.sciencedirect.com/journal/biological-conservation/vol/134/issue/4.html]
[www.sciencedirect.com/journal/biological-conservation/vol/134/issue/3.html]
[www.sciencedirect.com/journal/biological-conservation/vol/130/issue/4.html]
[www.sciencedirect.com/journal/biological-conservation/vol/131/issue/1.html]
[www.sciencedirect.com/journal/biological-conservation/vol/131/issue/4.html]
[www.sciencedirect.com/journal/biological-conservation/vol/131/issue/3.html]
[www.sciencedirect.com/journal/biological-conservation/vol/127/issue/1.html]
[www.sciencedirect.com/journal/biological-conservation/vol/127/issue/2.html]
[www.sciencedirect.com/journal/biological-conservation/vol/128/issue/1.html]
[www.sciencedirect.com/journal/biological-conservation/vol/127/issue/4.html]
[www.sciencedirect.com/journal/biological-conservation/vol/113/issue/1.html]
[www.sciencedirect.com/journal/biological-conservation/vol/113/issue/2.html]
[www.sciencedirect.com/journal/biological-conservation/vol/114/issue/2.html]
[www.sciencedirect.com/journal/biological-conservation/vol/114/issue/1.html]
[www.sciencedirect.com/journal/biological-conservation/vol/111/issue/2.html]
[www.sciencedirect.com/journal/biological-conservation/vol/111/issue/3.html]
[www.sciencedirect.com/journal/biological-conservation/vol/112/issue/3.html]
[www.sciencedirect.com/journal/biological-conservation/vol/215/suppl/C.html]
[www.sciencedirect.com/journal/biological-conservation/vol/206/suppl/C.html]
[www.sciencedirect.com/journal/biological-conservation/vol/202/suppl/C.html]
[www.sciencedirect.com/journal/biological-conservation/vol/205/suppl/C.html]
[www.sciencedirect.com/journal/biological-conservation/vol/201/suppl/C.html]
[www.sciencedirect.com/journal/biological-conservation/vol/191/suppl/C.html]
[www.sciencedirect.com/journal/biological-conservation/vol/192/suppl/C.html]
[www.sciencedirect.com/journal/biological-conservation/vol/181/suppl/C.html]
[www.sciencedirect.com/journal/biological-conservation/vol/180/suppl/C.html]
[www.sciencedirect.com/journal/biological-conservation/vol/161/suppl/C.html]
[www.sciencedirect.com/journal/biological-conservation/vol/160/suppl/C.html]
[www.sciencedirect.com/journal/biological-conservation/vol/165/suppl/C.html]
[www.sciencedirect.com/journal/biological-conservation/vol/166/suppl/C.html]
[www.sciencedirect.com/journal/biological-conservation/vol/158/suppl/C.html]
[www.sciencedirect.com/journal/biological-conservation/vol/159/suppl/C.html]
[www.sciencedirect.com/journal/biological-conservation/vol/149/issue/1.html]
[www.sciencedirect.com/journal/biological-conservation/vol/148/issue/1.html]
[www.sciencedirect.com/journal/biological-conservation/vol/144/issue/8.html]
[www.sciencedirect.com/journal/biological-conservation/vol/144/issue/7.html]
[www.sciencedirect.com/journal/biological-conservation/vol/143/issue/5.html]
[www.sciencedirect.com/journal/biological-conservation/vol/143/issue/4.html]
[www.sciencedirect.com/journal/biological-conservation/vol/142/issue/11.html]
[www.sciencedirect.com/journal/biological-conservation/vol/142/issue/12.html]
[www.sciencedirect.com/journal/biological-conservation/vol/142/issue/4.html]
[www.sciencedirect.com/journal/biological-conservation/vol/142/issue/3.html]
[www.sciencedirect.com/journal/biological-conservation/vol/137/issue/2.html]
[www.sciencedirect.com/journal/biological-conservation/vol/137/issue/1.html]
[www.sciencedirect.com/journal/biological-conservation/vol/139/issue/1.html]
[www.sciencedirect.com/journal/biological-conservation/vol/138/issue/3.html]
[www.sciencedirect.com/journal/biological-conservation/vol/136/issue/4.html]
[www.sciencedirect.com/journal/biological-conservation/vol/136/issue/3.html]
[www.sciencedirect.com/journal/biological-conservation/vol/135/issue/1.html]
[www.sciencedirect.com/journal/biological-conservation/vol/133/issue/3.html]
[www.sciencedirect.com/journal/biological-conservation/vol/133/issue/4.html]
[www.sciencedirect.com/journal/biological-conservation/vol/134/issue/4.html]
[www.sciencedirect.com/journal/biological-conservation/vol/130/issue/3.html]
[www.sciencedirect.com/journal/biological-conservation/vol/130/issue/4.html]
[www.sciencedirect.com/journal/biological-conservation/vol/132/issue/1.html]
[www.sciencedirect.com/journal/biological-conservation/vol/131/issue/4.html]
[www.sciencedirect.com/journal/biological-conservation/vol/126/issue/4.html]
[www.sciencedirect.com/journal/biological-conservation/vol/127/issue/1.html]
[www.sciencedirect.com/journal/biological-conservation/vol/128/issue/2.html]
[www.sciencedirect.com/journal/biological-conservation/vol/128/issue/1.html]
[www.sciencedirect.com/journal/biological-conservation/vol/113/issue/1.html]
[www.sciencedirect.com/journal/biological-conservation/vol/114/issue/3.html]
[www.sciencedirect.com/journal/biological-conservation/vol/114/issue/2.html]
[www.sciencedirect.com/journal/biological-conservation/vol/111/issue/1.html]
[www.sciencedirect.com/journal/biological-conservation/vol/111/issue/2.html]
[www.sciencedirect.com/journal/biological-conservation/vol/201/suppl/C.html]
[www.sciencedirect.com/journal/biological-conservation/vol/200/suppl/C.html]
[www.sciencedirect.com/journal/biological-conservation/vol/193/suppl/C.html]
[www.sciencedirect.com/journal/biological-conservation/vol/192/suppl/C.html]
[www.sciencedirect.com/journal/biological-conservation/vol/180/suppl/C.html]
[www.sciencedirect.com/journal/biological-conservation/vol/160/suppl/C.html]
[www.sciencedirect.com/journal/biological-conservation/vol/179/suppl/C.html]
[www.sciencedirect.com/journal/biological-conservation/vol/166/suppl/C.html]
[www.sciencedirect.com/journal/biological-conservation/vol/159/suppl/C.html]
[www.sciencedirect.com/journal/biological-conservation/vol/167/suppl/C.html]
[www.sciencedirect.com/journal/biological-conservation/vol/148/issue/1.html]
[www.sciencedirect.com/journal/biological-conservation/vol/147/issue/1.html]
[www.sciencedirect.com/journal/biological-conservation/vol/144/issue/9.html]
[www.sciencedirect.com/journal/biological-conservation/vol/144/issue/8.html]
[www.sciencedirect.com/journal/biological-conservation/vol/143/issue/4.html]
[www.sciencedirect.com/journal/biological-conservation/vol/143/issue/3.html]
[www.sciencedirect.com/journal/biological-conservation/vol/142/issue/12.html]
[www.sciencedirect.com/journal/biological-conservation/vol/143/issue/1.html]
[www.sciencedirect.com/journal/biological-conservation/vol/142/issue/2.html]
[www.sciencedirect.com/journal/biological-conservation/vol/142/issue/3.html]
[www.sciencedirect.com/journal/biological-conservation/vol/137/issue/1.html]
[www.sciencedirect.com/journal/biological-conservation/vol/139/issue/3.html]
[www.sciencedirect.com/journal/biological-conservation/vol/139/issue/1.html]
[www.sciencedirect.com/journal/biological-conservation/vol/136/issue/4.html]
[www.sciencedirect.com/journal/biological-conservation/vol/133/issue/2.html]
[www.sciencedirect.com/journal/biological-conservation/vol/133/issue/3.html]
[www.sciencedirect.com/journal/biological-conservation/vol/130/issue/2.html]
[www.sciencedirect.com/journal/biological-conservation/vol/130/issue/3.html]
[www.sciencedirect.com/journal/biological-conservation/vol/132/issue/2.html]
[www.sciencedirect.com/journal/biological-conservation/vol/132/issue/1.html]
[www.sciencedirect.com/journal/biological-conservation/vol/126/issue/3.html]
[www.sciencedirect.com/journal/biological-conservation/vol/126/issue/4.html]
[www.sciencedirect.com/journal/biological-conservation/vol/128/issue/3.html]
[www.sciencedirect.com/journal/biological-conservation/vol/128/issue/2.html]
[www.sciencedirect.com/journal/biological-conservation/vol/115/issue/1.html]
[www.sciencedirect.com/journal/biological-conservation/vol/114/issue/3.html]
[www.sciencedirect.com/journal/biological-conservation/vol/110/issue/3.html]
[www.sciencedirect.com/journal/biological-conservation/vol/111/issue/1.html]
[www.sciencedirect.com/journal/biological-conservation/vol/199/suppl/C.html]
[www.sciencedirect.com/journal/biological-conservation/vol/200/suppl/C.html]
[www.sciencedirect.com/journal/biological-conservation/vol/193/suppl/C.html]
[www.sciencedirect.com/journal/biological-conservation/vol/194/suppl/C.html]
[www.sciencedirect.com/journal/biological-conservation/vol/179/suppl/C.html]
[www.sciencedirect.com/journal/biological-conservation/vol/178/suppl/C.html]
[www.sciencedirect.com/journal/biological-conservation/vol/168/suppl/C.html]
[www.sciencedirect.com/journal/biological-conservation/vol/167/suppl/C.html]
[www.sciencedirect.com/journal/biological-conservation/vol/147/issue/1.html]
[www.sciencedirect.com/journal/biological-conservation/vol/146/issue/1.html]
[www.sciencedirect.com/journal/biological-conservation/vol/144/issue/10.html]
[www.sciencedirect.com/journal/biological-conservation/vol/144/issue/9.html]
[www.sciencedirect.com/journal/biological-conservation/vol/143/issue/2.html]
[www.sciencedirect.com/journal/biological-conservation/vol/143/issue/3.html]
[www.sciencedirect.com/journal/biological-conservation/vol/143/issue/1.html]
[www.sciencedirect.com/journal/biological-conservation/vol/142/issue/2.html]
[www.sciencedirect.com/journal/biological-conservation/vol/142/issue/1.html]
[www.sciencedirect.com/journal/biological-conservation/vol/140/issue/1.html]
[www.sciencedirect.com/journal/biological-conservation/vol/139/issue/3.html]
[www.sciencedirect.com/journal/biological-conservation/vol/133/issue/1.html]
[www.sciencedirect.com/journal/biological-conservation/vol/133/issue/2.html]
[www.sciencedirect.com/journal/biological-conservation/vol/130/issue/1.html]
[www.sciencedirect.com/journal/biological-conservation/vol/130/issue/2.html]
[www.sciencedirect.com/journal/biological-conservation/vol/132/issue/3.html]
[www.sciencedirect.com/journal/biological-conservation/vol/132/issue/2.html]
[www.sciencedirect.com/journal/biological-conservation/vol/126/issue/2.html]
[www.sciencedirect.com/journal/biological-conservation/vol/126/issue/3.html]
[www.sciencedirect.com/journal/biological-conservation/vol/128/issue/4.html]
[www.sciencedirect.com/journal/biological-conservation/vol/128/issue/3.html]
[www.sciencedirect.com/journal/biological-conservation/vol/115/issue/2.html]
[www.sciencedirect.com/journal/biological-conservation/vol/115/issue/1.html]
[www.sciencedirect.com/journal/biological-conservation/vol/110/issue/2.html]
[www.sciencedirect.com/journal/biological-conservation/vol/110/issue/3.html]
[www.sciencedirect.com/journal/biological-conservation/vol/198/suppl/C.html]
[www.sciencedirect.com/journal/biological-conservation/vol/199/suppl/C.html]
[www.sciencedirect.com/journal/biological-conservation/vol/194/suppl/C.html]
[www.sciencedirect.com/journal/biological-conservation/vol/195/suppl/C.html]
[www.sciencedirect.com/journal/biological-conservation/vol/178/suppl/C.html]
[www.sciencedirect.com/journal/biological-conservation/vol/177/suppl/C.html]
[www.sciencedirect.com/journal/biological-conservation/vol/168/suppl/C.html]
[www.sciencedirect.com/journal/biological-conservation/vol/169/suppl/C.html]
[www.sciencedirect.com/journal/biological-conservation/vol/146/issue/1.html]
[www.sciencedirect.com/journal/biological-conservation/vol/145/issue/1.html]
[www.sciencedirect.com/journal/biological-conservation/vol/144/issue/10.html]
[www.sciencedirect.com/journal/biological-conservation/vol/143/issue/2.html]
[www.sciencedirect.com/journal/biological-conservation/vol/144/issue/11.html]
[www.sciencedirect.com/journal/biological-conservation/vol/142/issue/1.html]
[www.sciencedirect.com/journal/biological-conservation/vol/141/issue/12.html]
[www.sciencedirect.com/journal/biological-conservation/vol/140/issue/1.html]
[www.sciencedirect.com/journal/biological-conservation/vol/140/issue/3.html]
[www.sciencedirect.com/journal/biological-conservation/vol/133/issue/1.html]
[www.sciencedirect.com/journal/biological-conservation/vol/132/issue/4.html]
[www.sciencedirect.com/journal/biological-conservation/vol/129/issue/4.html]
[www.sciencedirect.com/journal/biological-conservation/vol/130/issue/1.html]
[www.sciencedirect.com/journal/biological-conservation/vol/132/issue/3.html]
[www.sciencedirect.com/journal/biological-conservation/vol/126/issue/1.html]
[www.sciencedirect.com/journal/biological-conservation/vol/126/issue/2.html]
[www.sciencedirect.com/journal/biological-conservation/vol/129/issue/1.html]
[www.sciencedirect.com/journal/biological-conservation/vol/128/issue/4.html]
[www.sciencedirect.com/journal/biological-conservation/vol/115/issue/3.html]
[www.sciencedirect.com/journal/biological-conservation/vol/115/issue/2.html]
[www.sciencedirect.com/journal/biological-conservation/vol/110/issue/1.html]
[www.sciencedirect.com/journal/biological-conservation/vol/110/issue/2.html]
[www.sciencedirect.com/journal/biological-conservation/vol/198/suppl/C.html]
[www.sciencedirect.com/journal/biological-conservation/vol/197/suppl/C.html]
[www.sciencedirect.com/journal/biological-conservation/vol/195/suppl/C.html]
[www.sciencedirect.com/journal/biological-conservation/vol/196/suppl/C.html]
[www.sciencedirect.com/journal/biological-conservation/vol/177/suppl/C.html]
[www.sciencedirect.com/journal/biological-conservation/vol/176/suppl/C.html]
[www.sciencedirect.com/journal/biological-conservation/vol/169/suppl/C.html]
[www.sciencedirect.com/journal/biological-conservation/vol/170/suppl/C.html]
[www.sciencedirect.com/journal/biological-conservation/vol/145/issue/1.html]
[www.sciencedirect.com/journal/biological-conservation/vol/144/issue/11.html]
[www.sciencedirect.com/journal/biological-conservation/vol/144/issue/12.html]
[www.sciencedirect.com/journal/biological-conservation/vol/141/issue/12.html]
[www.sciencedirect.com/journal/biological-conservation/vol/141/issue/11.html]
[www.sciencedirect.com/journal/biological-conservation/vol/140/issue/3.html]
[www.sciencedirect.com/journal/biological-conservation/vol/132/issue/4.html]
[www.sciencedirect.com/journal/biological-conservation/vol/141/issue/1.html]
[www.sciencedirect.com/journal/biological-conservation/vol/129/issue/4.html]
[www.sciencedirect.com/journal/biological-conservation/vol/129/issue/3.html]
[www.sciencedirect.com/journal/biological-conservation/vol/125/issue/4.html]
[www.sciencedirect.com/journal/biological-conservation/vol/126/issue/1.html]
[www.sciencedirect.com/journal/biological-conservation/vol/129/issue/2.html]
[www.sciencedirect.com/journal/biological-conservation/vol/129/issue/1.html]
[www.sciencedirect.com/journal/biological-conservation/vol/116/issue/1.html]
[www.sciencedirect.com/journal/biological-conservation/vol/115/issue/3.html]
[www.sciencedirect.com/journal/biological-conservation/vol/109/issue/3.html]
[www.sciencedirect.com/journal/biological-conservation/vol/110/issue/1.html]
[www.sciencedirect.com/journal/biological-conservation/vol/197/suppl/C.html]
[www.sciencedirect.com/journal/biological-conservation/vol/196/suppl/C.html]
[www.sciencedirect.com/journal/biological-conservation/vol/176/suppl/C.html]
[www.sciencedirect.com/journal/biological-conservation/vol/175/suppl/C.html]
[www.sciencedirect.com/journal/biological-conservation/vol/170/suppl/C.html]
[www.sciencedirect.com/journal/biological-conservation/vol/144/issue/12.html]
[www.sciencedirect.com/journal/biological-conservation/vol/171/suppl/C.html]
[www.sciencedirect.com/journal/biological-conservation/vol/141/issue/10.html]
[www.sciencedirect.com/journal/biological-conservation/vol/141/issue/11.html]
[www.sciencedirect.com/journal/biological-conservation/vol/141/issue/1.html]
[www.sciencedirect.com/journal/biological-conservation/vol/129/issue/3.html]
[www.sciencedirect.com/journal/biological-conservation/vol/141/issue/2.html]
[www.sciencedirect.com/journal/biological-conservation/vol/125/issue/4.html]
[www.sciencedirect.com/journal/biological-conservation/vol/129/issue/2.html]
[www.sciencedirect.com/journal/biological-conservation/vol/125/issue/3.html]
[www.sciencedirect.com/journal/biological-conservation/vol/116/issue/2.html]
[www.sciencedirect.com/journal/biological-conservation/vol/116/issue/1.html]
[www.sciencedirect.com/journal/biological-conservation/vol/109/issue/2.html]
[www.sciencedirect.com/journal/biological-conservation/vol/109/issue/3.html]
[www.sciencedirect.com/journal/biological-conservation/vol/175/suppl/C.html]
[www.sciencedirect.com/journal/biological-conservation/vol/174/suppl/C.html]
[www.sciencedirect.com/journal/biological-conservation/vol/171/suppl/C.html]
[www.sciencedirect.com/journal/biological-conservation/vol/172/suppl/C.html]
[www.sciencedirect.com/journal/biological-conservation/vol/141/issue/9.html]
[www.sciencedirect.com/journal/biological-conservation/vol/141/issue/10.html]
[www.sciencedirect.com/journal/biological-conservation/vol/141/issue/2.html]
[www.sciencedirect.com/journal/biological-conservation/vol/141/issue/3.html]
[www.sciencedirect.com/journal/biological-conservation/vol/125/issue/2.html]
[www.sciencedirect.com/journal/biological-conservation/vol/125/issue/3.html]
[www.sciencedirect.com/journal/biological-conservation/vol/116/issue/3.html]
[www.sciencedirect.com/journal/biological-conservation/vol/116/issue/2.html]
[www.sciencedirect.com/journal/biological-conservation/vol/109/issue/1.html]
[www.sciencedirect.com/journal/biological-conservation/vol/109/issue/2.html]
[www.sciencedirect.com/journal/biological-conservation/vol/173/suppl/C.html]
[www.sciencedirect.com/journal/biological-conservation/vol/174/suppl/C.html]
[www.sciencedirect.com/journal/biological-conservation/vol/172/suppl/C.html]
[www.sciencedirect.com/journal/biological-conservation/vol/141/issue/8.html]
[www.sciencedirect.com/journal/biological-conservation/vol/141/issue/9.html]
[www.sciencedirect.com/journal/biological-conservation/vol/141/issue/4.html]
[www.sciencedirect.com/journal/biological-conservation/vol/141/issue/3.html]
[www.sciencedirect.com/journal/biological-conservation/vol/125/issue/1.html]
[www.sciencedirect.com/journal/biological-conservation/vol/125/issue/2.html]
[www.sciencedirect.com/journal/biological-conservation/vol/117/issue/1.html]
[www.sciencedirect.com/journal/biological-conservation/vol/116/issue/3.html]
[www.sciencedirect.com/journal/biological-conservation/vol/108/issue/3.html]
[www.sciencedirect.com/journal/biological-conservation/vol/109/issue/1.html]
[www.sciencedirect.com/journal/biological-conservation/vol/173/suppl/C.html]
[www.sciencedirect.com/journal/biological-conservation/vol/141/issue/7.html]
[www.sciencedirect.com/journal/biological-conservation/vol/141/issue/8.html]
[www.sciencedirect.com/journal/biological-conservation/vol/141/issue/4.html]
[www.sciencedirect.com/journal/biological-conservation/vol/141/issue/5.html]
[www.sciencedirect.com/journal/biological-conservation/vol/124/issue/4.html]
[www.sciencedirect.com/journal/biological-conservation/vol/125/issue/1.html]
[www.sciencedirect.com/journal/biological-conservation/vol/117/issue/2.html]
[www.sciencedirect.com/journal/biological-conservation/vol/117/issue/1.html]
[www.sciencedirect.com/journal/biological-conservation/vol/108/issue/2.html]
[www.sciencedirect.com/journal/biological-conservation/vol/108/issue/3.html]
[www.sciencedirect.com/journal/biological-conservation/vol/141/issue/7.html]
[www.sciencedirect.com/journal/biological-conservation/vol/141/issue/5.html]
[www.sciencedirect.com/journal/biological-conservation/vol/141/issue/6.html]
[www.sciencedirect.com/journal/biological-conservation/vol/124/issue/4.html]
[www.sciencedirect.com/journal/biological-conservation/vol/124/issue/3.html]
[www.sciencedirect.com/journal/biological-conservation/vol/117/issue/2.html]
[www.sciencedirect.com/journal/biological-conservation/vol/117/issue/3.html]
[www.sciencedirect.com/journal/biological-conservation/vol/108/issue/1.html]
[www.sciencedirect.com/journal/biological-conservation/vol/108/issue/2.html]
[www.sciencedirect.com/journal/biological-conservation/vol/141/issue/6.html]
[www.sciencedirect.com/journal/biological-conservation/vol/124/issue/3.html]
[www.sciencedirect.com/journal/biological-conservation/vol/124/issue/2.html]
[www.sciencedirect.com/journal/biological-conservation/vol/117/issue/4.html]
[www.sciencedirect.com/journal/biological-conservation/vol/117/issue/3.html]
[www.sciencedirect.com/journal/biological-conservation/vol/107/issue/3.html]
[www.sciencedirect.com/journal/biological-conservation/vol/108/issue/1.html]
[www.sciencedirect.com/journal/biological-conservation/vol/124/issue/1.html]
[www.sciencedirect.com/journal/biological-conservation/vol/124/issue/2.html]
[www.sciencedirect.com/journal/biological-conservation/vol/117/issue/5.html]
[www.sciencedirect.com/journal/biological-conservation/vol/117/issue/4.html]
[www.sciencedirect.com/journal/biological-conservation/vol/107/issue/2.html]
[www.sciencedirect.com/journal/biological-conservation/vol/107/issue/3.html]
[www.sciencedirect.com/journal/biological-conservation/vol/123/issue/4.html]
[www.sciencedirect.com/journal/biological-conservation/vol/124/issue/1.html]
[www.sciencedirect.com/journal/biological-conservation/vol/118/issue/1.html]
[www.sciencedirect.com/journal/biological-conservation/vol/117/issue/5.html]
[www.sciencedirect.com/journal/biological-conservation/vol/107/issue/1.html]
[www.sciencedirect.com/journal/biological-conservation/vol/107/issue/2.html]
[www.sciencedirect.com/journal/biological-conservation/vol/123/issue/3.html]
[www.sciencedirect.com/journal/biological-conservation/vol/123/issue/4.html]
[www.sciencedirect.com/journal/biological-conservation/vol/118/issue/1.html]
[www.sciencedirect.com/journal/biological-conservation/vol/118/issue/2.html]
[www.sciencedirect.com/journal/biological-conservation/vol/107/issue/1.html]
[www.sciencedirect.com/journal/biological-conservation/vol/106/issue/3.html]
[www.sciencedirect.com/journal/biological-conservation/vol/123/issue/2.html]
[www.sciencedirect.com/journal/biological-conservation/vol/123/issue/3.html]
[www.sciencedirect.com/journal/biological-conservation/vol/118/issue/3.html]
[www.sciencedirect.com/journal/biological-conservation/vol/118/issue/2.html]
[www.sciencedirect.com/journal/biological-conservation/vol/106/issue/2.html]
[www.sciencedirect.com/journal/biological-conservation/vol/106/issue/3.html]
[www.sciencedirect.com/journal/biological-conservation/vol/123/issue/1.html]
[www.sciencedirect.com/journal/biological-conservation/vol/123/issue/2.html]
[www.sciencedirect.com/journal/biological-conservation/vol/118/issue/4.html]
[www.sciencedirect.com/journal/biological-conservation/vol/118/issue/3.html]
[www.sciencedirect.com/journal/biological-conservation/vol/106/issue/1.html]
[www.sciencedirect.com/journal/biological-conservation/vol/106/issue/2.html]
[www.sciencedirect.com/journal/biological-conservation/vol/123/issue/1.html]
[www.sciencedirect.com/journal/biological-conservation/vol/122/issue/4.html]
[www.sciencedirect.com/journal/biological-conservation/vol/118/issue/4.html]
[www.sciencedirect.com/journal/biological-conservation/vol/118/issue/5.html]
[www.sciencedirect.com/journal/biological-conservation/vol/105/issue/3.html]
[www.sciencedirect.com/journal/biological-conservation/vol/106/issue/1.html]
[www.sciencedirect.com/journal/biological-conservation/vol/122/issue/3.html]
[www.sciencedirect.com/journal/biological-conservation/vol/122/issue/4.html]
[www.sciencedirect.com/journal/biological-conservation/vol/119/issue/1.html]
[www.sciencedirect.com/journal/biological-conservation/vol/118/issue/5.html]
[www.sciencedirect.com/journal/biological-conservation/vol/105/issue/2.html]
[www.sciencedirect.com/journal/biological-conservation/vol/105/issue/3.html]
[www.sciencedirect.com/journal/biological-conservation/vol/122/issue/2.html]
[www.sciencedirect.com/journal/biological-conservation/vol/122/issue/3.html]
[www.sciencedirect.com/journal/biological-conservation/vol/119/issue/2.html]
[www.sciencedirect.com/journal/biological-conservation/vol/119/issue/1.html]
[www.sciencedirect.com/journal/biological-conservation/vol/105/issue/1.html]
[www.sciencedirect.com/journal/biological-conservation/vol/105/issue/2.html]
[www.sciencedirect.com/journal/biological-conservation/vol/122/issue/1.html]
[www.sciencedirect.com/journal/biological-conservation/vol/122/issue/2.html]
[www.sciencedirect.com/journal/biological-conservation/vol/119/issue/3.html]
[www.sciencedirect.com/journal/biological-conservation/vol/119/issue/2.html]
[www.sciencedirect.com/journal/biological-conservation/vol/104/issue/3.html]
[www.sciencedirect.com/journal/biological-conservation/vol/105/issue/1.html]
[www.sciencedirect.com/journal/biological-conservation/vol/121/issue/4.html]
[www.sciencedirect.com/journal/biological-conservation/vol/122/issue/1.html]
[www.sciencedirect.com/journal/biological-conservation/vol/119/issue/4.html]
[www.sciencedirect.com/journal/biological-conservation/vol/119/issue/3.html]
[www.sciencedirect.com/journal/biological-conservation/vol/104/issue/2.html]
[www.sciencedirect.com/journal/biological-conservation/vol/104/issue/3.html]
[www.sciencedirect.com/journal/biological-conservation/vol/121/issue/3.html]
[www.sciencedirect.com/journal/biological-conservation/vol/121/issue/4.html]
[www.sciencedirect.com/journal/biological-conservation/vol/119/issue/4.html]
[www.sciencedirect.com/journal/biological-conservation/vol/120/issue/1.html]
[www.sciencedirect.com/journal/biological-conservation/vol/104/issue/2.html]
[www.sciencedirect.com/journal/biological-conservation/vol/104/issue/1.html]
[www.sciencedirect.com/journal/biological-conservation/vol/121/issue/2.html]
[www.sciencedirect.com/journal/biological-conservation/vol/121/issue/3.html]
[www.sciencedirect.com/journal/biological-conservation/vol/120/issue/2.html]
[www.sciencedirect.com/journal/biological-conservation/vol/120/issue/1.html]
[www.sciencedirect.com/journal/biological-conservation/vol/103/issue/3.html]
[www.sciencedirect.com/journal/biological-conservation/vol/104/issue/1.html]
[www.sciencedirect.com/journal/biological-conservation/vol/121/issue/1.html]
[www.sciencedirect.com/journal/biological-conservation/vol/121/issue/2.html]
[www.sciencedirect.com/journal/biological-conservation/vol/120/issue/3.html]
[www.sciencedirect.com/journal/biological-conservation/vol/120/issue/2.html]
[www.sciencedirect.com/journal/biological-conservation/vol/103/issue/2.html]
[www.sciencedirect.com/journal/biological-conservation/vol/103/issue/3.html]
[www.sciencedirect.com/journal/biological-conservation/vol/120/issue/4.html]
[www.sciencedirect.com/journal/biological-conservation/vol/121/issue/1.html]
[www.sciencedirect.com/journal/biological-conservation/vol/120/issue/3.html]
[www.sciencedirect.com/journal/biological-conservation/vol/103/issue/1.html]
[www.sciencedirect.com/journal/biological-conservation/vol/103/issue/2.html]
[www.sciencedirect.com/journal/biological-conservation/vol/120/issue/4.html]
[www.sciencedirect.com/journal/biological-conservation/vol/102/issue/3.html]
[www.sciencedirect.com/journal/biological-conservation/vol/103/issue/1.html]
[www.sciencedirect.com/journal/biological-conservation/vol/102/issue/2.html]
[www.sciencedirect.com/journal/biological-conservation/vol/102/issue/3.html]
[www.sciencedirect.com/journal/biological-conservation/vol/102/issue/1.html]
[www.sciencedirect.com/journal/biological-conservation/vol/102/issue/2.html]
[www.sciencedirect.com/journal/biological-conservation/vol/101/issue/3.html]
[www.sciencedirect.com/journal/biological-conservation/vol/102/issue/1.html]
[www.sciencedirect.com/journal/biological-conservation/vol/101/issue/2.html]
[www.sciencedirect.com/journal/biological-conservation/vol/101/issue/3.html]
[www.sciencedirect.com/journal/biological-conservation/vol/101/issue/1.html]
[www.sciencedirect.com/journal/biological-conservation/vol/101/issue/2.html]
[www.sciencedirect.com/journal/biological-conservation/vol/100/issue/3.html]
[www.sciencedirect.com/journal/biological-conservation/vol/101/issue/1.html]
[www.sciencedirect.com/journal/biological-conservation/vol/100/issue/2.html]
[www.sciencedirect.com/journal/biological-conservation/vol/100/issue/3.html]
[www.sciencedirect.com/journal/biological-conservation/vol/100/issue/1.html]
[www.sciencedirect.com/journal/biological-conservation/vol/100/issue/2.html]
[www.sciencedirect.com/journal/biological-conservation/vol/99/issue/3.html]
[www.sciencedirect.com/journal/biological-conservation/vol/100/issue/1.html]
[www.sciencedirect.com/journal/biological-conservation/vol/99/issue/2.html]
[www.sciencedirect.com/journal/biological-conservation/vol/99/issue/3.html]
[www.sciencedirect.com/journal/biological-conservation/vol/99/issue/1.html]
[www.sciencedirect.com/journal/biological-conservation/vol/99/issue/2.html]
[www.sciencedirect.com/journal/biological-conservation/vol/98/issue/3.html]
[www.sciencedirect.com/journal/biological-conservation/vol/99/issue/1.html]
[www.sciencedirect.com/journal/biological-conservation/vol/98/issue/2.html]
[www.sciencedirect.com/journal/biological-conservation/vol/98/issue/3.html]
[www.sciencedirect.com/journal/biological-conservation/vol/98/issue/1.html]
[www.sciencedirect.com/journal/biological-conservation/vol/98/issue/2.html]
[www.sciencedirect.com/journal/biological-conservation/vol/97/issue/3.html]
[www.sciencedirect.com/journal/biological-conservation/vol/98/issue/1.html]
[www.sciencedirect.com/journal/biological-conservation/vol/97/issue/2.html]
[www.sciencedirect.com/journal/biological-conservation/vol/97/issue/3.html]
[www.sciencedirect.com/journal/biological-conservation/vol/97/issue/2.html]
[www.sciencedirect.com/journal/biological-conservation/vol/97/issue/1.html]
[www.sciencedirect.com/journal/biological-conservation/vol/96/issue/3.html]
[www.sciencedirect.com/journal/biological-conservation/vol/97/issue/1.html]
[www.sciencedirect.com/journal/biological-conservation/vol/96/issue/2.html]
[www.sciencedirect.com/journal/biological-conservation/vol/96/issue/3.html]
[www.sciencedirect.com/journal/biological-conservation/vol/96/issue/1.html]
[www.sciencedirect.com/journal/biological-conservation/vol/96/issue/2.html]
[www.sciencedirect.com/journal/biological-conservation/vol/95/issue/3.html]
[www.sciencedirect.com/journal/biological-conservation/vol/96/issue/1.html]
[www.sciencedirect.com/journal/biological-conservation/vol/95/issue/2.html]
[www.sciencedirect.com/journal/biological-conservation/vol/95/issue/3.html]
[www.sciencedirect.com/journal/biological-conservation/vol/95/issue/1.html]
[www.sciencedirect.com/journal/biological-conservation/vol/95/issue/2.html]
[www.sciencedirect.com/journal/biological-conservation/vol/94/issue/3.html]
[www.sciencedirect.com/journal/biological-conservation/vol/95/issue/1.html]
[www.sciencedirect.com/journal/biological-conservation/vol/94/issue/2.html]
[www.sciencedirect.com/journal/biological-conservation/vol/94/issue/3.html]
[www.sciencedirect.com/journal/biological-conservation/vol/94/issue/2.html]
[www.sciencedirect.com/journal/biological-conservation/vol/94/issue/1.html]
[www.sciencedirect.com/journal/biological-conservation/vol/93/issue/3.html]
[www.sciencedirect.com/journal/biological-conservation/vol/94/issue/1.html]
[www.sciencedirect.com/journal/biological-conservation/vol/93/issue/2.html]
[www.sciencedirect.com/journal/biological-conservation/vol/93/issue/3.html]
[www.sciencedirect.com/journal/biological-conservation/vol/93/issue/1.html]
[www.sciencedirect.com/journal/biological-conservation/vol/93/issue/2.html]
[www.sciencedirect.com/journal/biological-conservation/vol/92/issue/3.html]
[www.sciencedirect.com/journal/biological-conservation/vol/93/issue/1.html]
[www.sciencedirect.com/journal/biological-conservation/vol/92/issue/2.html]
[www.sciencedirect.com/journal/biological-conservation/vol/92/issue/3.html]
[www.sciencedirect.com/journal/biological-conservation/vol/92/issue/1.html]
[www.sciencedirect.com/journal/biological-conservation/vol/92/issue/2.html]
[www.sciencedirect.com/journal/biological-conservation/vol/91/issue/2.html]
[www.sciencedirect.com/journal/biological-conservation/vol/92/issue/1.html]
[www.sciencedirect.com/journal/biological-conservation/vol/91/issue/1.html]
[www.sciencedirect.com/journal/biological-conservation/vol/91/issue/2.html]
[www.sciencedirect.com/journal/biological-conservation/vol/90/issue/3.html]
[www.sciencedirect.com/journal/biological-conservation/vol/91/issue/1.html]
[www.sciencedirect.com/journal/biological-conservation/vol/90/issue/2.html]
[www.sciencedirect.com/journal/biological-conservation/vol/90/issue/3.html]
[www.sciencedirect.com/journal/biological-conservation/vol/90/issue/1.html]
[www.sciencedirect.com/journal/biological-conservation/vol/90/issue/2.html]
[www.sciencedirect.com/journal/biological-conservation/vol/90/issue/1.html]
[www.sciencedirect.com/journal/biological-conservation/vol/89/issue/3.html]
[www.sciencedirect.com/journal/biological-conservation/vol/89/issue/2.html]
[www.sciencedirect.com/journal/biological-conservation/vol/89/issue/3.html]
[www.sciencedirect.com/journal/biological-conservation/vol/89/issue/1.html]
[www.sciencedirect.com/journal/biological-conservation/vol/89/issue/2.html]
[www.sciencedirect.com/journal/biological-conservation/vol/89/issue/1.html]
[www.sciencedirect.com/journal/biological-conservation/vol/88/issue/3.html]
[www.sciencedirect.com/journal/biological-conservation/vol/88/issue/3.html]
[www.sciencedirect.com/journal/biological-conservation/vol/88/issue/2.html]
[www.sciencedirect.com/journal/biological-conservation/vol/88/issue/1.html]
[www.sciencedirect.com/journal/biological-conservation/vol/88/issue/2.html]
[www.sciencedirect.com/journal/biological-conservation/vol/87/issue/3.html]
[www.sciencedirect.com/journal/biological-conservation/vol/88/issue/1.html]
[www.sciencedirect.com/journal/biological-conservation/vol/87/issue/3.html]
[www.sciencedirect.com/journal/biological-conservation/vol/87/issue/2.html]
[www.sciencedirect.com/journal/biological-conservation/vol/87/issue/1.html]
[www.sciencedirect.com/journal/biological-conservation/vol/87/issue/2.html]
[www.sciencedirect.com/journal/biological-conservation/vol/87/issue/1.html]
[www.sciencedirect.com/journal/biological-conservation/vol/86/issue/3.html]
[www.sciencedirect.com/journal/biological-conservation/vol/86/issue/2.html]
[www.sciencedirect.com/journal/biological-conservation/vol/86/issue/3.html]
[www.sciencedirect.com/journal/biological-conservation/vol/86/issue/1.html]
[www.sciencedirect.com/journal/biological-conservation/vol/86/issue/2.html]
[www.sciencedirect.com/journal/biological-conservation/vol/85/issue/3.html]
[www.sciencedirect.com/journal/biological-conservation/vol/86/issue/1.html]
[www.sciencedirect.com/journal/biological-conservation/vol/85/issue/3.html]
[www.sciencedirect.com/journal/biological-conservation/vol/85/issue/1.html]
[www.sciencedirect.com/journal/biological-conservation/vol/84/issue/3.html]
[www.sciencedirect.com/journal/biological-conservation/vol/85/issue/1.html]
[www.sciencedirect.com/journal/biological-conservation/vol/84/issue/2.html]
[www.sciencedirect.com/journal/biological-conservation/vol/84/issue/3.html]
[www.sciencedirect.com/journal/biological-conservation/vol/84/issue/1.html]
[www.sciencedirect.com/journal/biological-conservation/vol/84/issue/2.html]
[www.sciencedirect.com/journal/biological-conservation/vol/83/issue/3.html]
[www.sciencedirect.com/journal/biological-conservation/vol/84/issue/1.html]
[www.sciencedirect.com/journal/biological-conservation/vol/83/issue/2.html]
[www.sciencedirect.com/journal/biological-conservation/vol/83/issue/3.html]
[www.sciencedirect.com/journal/biological-conservation/vol/83/issue/1.html]
[www.sciencedirect.com/journal/biological-conservation/vol/83/issue/2.html]
[www.sciencedirect.com/journal/biological-conservation/vol/82/issue/3.html]
[www.sciencedirect.com/journal/biological-conservation/vol/83/issue/1.html]
[www.sciencedirect.com/journal/biological-conservation/vol/82/issue/2.html]
[www.sciencedirect.com/journal/biological-conservation/vol/82/issue/3.html]
[www.sciencedirect.com/journal/biological-conservation/vol/82/issue/2.html]
[www.sciencedirect.com/journal/biological-conservation/vol/82/issue/1.html]
[www.sciencedirect.com/journal/biological-conservation/vol/81/issue/3.html]
[www.sciencedirect.com/journal/biological-conservation/vol/82/issue/1.html]
[www.sciencedirect.com/journal/biological-conservation/vol/81/issue/1.html]
[www.sciencedirect.com/journal/biological-conservation/vol/81/issue/3.html]
[www.sciencedirect.com/journal/biological-conservation/vol/80/issue/3.html]
[www.sciencedirect.com/journal/biological-conservation/vol/81/issue/1.html]
[www.sciencedirect.com/journal/biological-conservation/vol/80/issue/2.html]
[www.sciencedirect.com/journal/biological-conservation/vol/80/issue/3.html]
[www.sciencedirect.com/journal/biological-conservation/vol/80/issue/1.html]
[www.sciencedirect.com/journal/biological-conservation/vol/80/issue/2.html]
[www.sciencedirect.com/journal/biological-conservation/vol/79/issue/2.html]
[www.sciencedirect.com/journal/biological-conservation/vol/80/issue/1.html]
[www.sciencedirect.com/journal/biological-conservation/vol/79/issue/1.html]
[www.sciencedirect.com/journal/biological-conservation/vol/79/issue/2.html]
[www.sciencedirect.com/journal/biological-conservation/vol/79/issue/1.html]
[www.sciencedirect.com/journal/biological-conservation/vol/78/issue/3.html]
[www.sciencedirect.com/journal/biological-conservation/vol/78/issue/3.html]
[www.sciencedirect.com/journal/biological-conservation/vol/78/issue/1.html]
[www.sciencedirect.com/journal/biological-conservation/vol/77/issue/2.html]
[www.sciencedirect.com/journal/biological-conservation/vol/78/issue/1.html]
[www.sciencedirect.com/journal/biological-conservation/vol/77/issue/1.html]
[www.sciencedirect.com/journal/biological-conservation/vol/77/issue/2.html]
[www.sciencedirect.com/journal/biological-conservation/vol/76/issue/3.html]
[www.sciencedirect.com/journal/biological-conservation/vol/77/issue/1.html]
[www.sciencedirect.com/journal/biological-conservation/vol/76/issue/3.html]
[www.sciencedirect.com/journal/biological-conservation/vol/76/issue/2.html]
[www.sciencedirect.com/journal/biological-conservation/vol/76/issue/2.html]
[www.sciencedirect.com/journal/biological-conservation/vol/76/issue/1.html]
[www.sciencedirect.com/journal/biological-conservation/vol/76/issue/1.html]
[www.sciencedirect.com/journal/biological-conservation/vol/75/issue/3.html]
[www.sciencedirect.com/journal/biological-conservation/vol/75/issue/2.html]
[www.sciencedirect.com/journal/biological-conservation/vol/75/issue/3.html]
[www.sciencedirect.com/journal/biological-conservation/vol/75/issue/1.html]
[www.sciencedirect.com/journal/biological-conservation/vol/75/issue/2.html]
[www.sciencedirect.com/journal/biological-conservation/vol/74/issue/3.html]
[www.sciencedirect.com/journal/biological-conservation/vol/75/issue/1.html]
[www.sciencedirect.com/journal/biological-conservation/vol/74/issue/2.html]
[www.sciencedirect.com/journal/biological-conservation/vol/74/issue/3.html]
[www.sciencedirect.com/journal/biological-conservation/vol/74/issue/1.html]
[www.sciencedirect.com/journal/biological-conservation/vol/74/issue/2.html]
[www.sciencedirect.com/journal/biological-conservation/vol/73/issue/3.html]
[www.sciencedirect.com/journal/biological-conservation/vol/74/issue/1.html]
[www.sciencedirect.com/journal/biological-conservation/vol/73/issue/2.html]
[www.sciencedirect.com/journal/biological-conservation/vol/73/issue/3.html]
[www.sciencedirect.com/journal/biological-conservation/vol/73/issue/1.html]
[www.sciencedirect.com/journal/biological-conservation/vol/73/issue/2.html]
[www.sciencedirect.com/journal/biological-conservation/vol/73/issue/1.html]
[www.sciencedirect.com/journal/biological-conservation/vol/72/issue/3.html]
[www.sciencedirect.com/journal/biological-conservation/vol/72/issue/2.html]
[www.sciencedirect.com/journal/biological-conservation/vol/72/issue/3.html]
[www.sciencedirect.com/journal/biological-conservation/vol/72/issue/2.html]
[www.sciencedirect.com/journal/biological-conservation/vol/72/issue/1.html]
[www.sciencedirect.com/journal/biological-conservation/vol/71/issue/3.html]
[www.sciencedirect.com/journal/biological-conservation/vol/72/issue/1.html]
[www.sciencedirect.com/journal/biological-conservation/vol/71/issue/3.html]
[www.sciencedirect.com/journal/biological-conservation/vol/71/issue/2.html]
[www.sciencedirect.com/journal/biological-conservation/vol/71/issue/2.html]
[www.sciencedirect.com/journal/biological-conservation/vol/71/issue/1.html]
[www.sciencedirect.com/journal/biological-conservation/vol/71/issue/1.html]
[www.sciencedirect.com/journal/biological-conservation/vol/70/issue/3.html]
[www.sciencedirect.com/journal/biological-conservation/vol/70/issue/2.html]
[www.sciencedirect.com/journal/biological-conservation/vol/70/issue/3.html]
[www.sciencedirect.com/journal/biological-conservation/vol/70/issue/1.html]
[www.sciencedirect.com/journal/biological-conservation/vol/70/issue/2.html]
[www.sciencedirect.com/journal/biological-conservation/vol/70/issue/1.html]
[www.sciencedirect.com/journal/biological-conservation/vol/69/issue/3.html]
[www.sciencedirect.com/journal/biological-conservation/vol/69/issue/3.html]
[www.sciencedirect.com/journal/biological-conservation/vol/69/issue/2.html]
[www.sciencedirect.com/journal/biological-conservation/vol/69/issue/1.html]
[www.sciencedirect.com/journal/biological-conservation/vol/69/issue/2.html]
[www.sciencedirect.com/journal/biological-conservation/vol/68/issue/3.html]
[www.sciencedirect.com/journal/biological-conservation/vol/69/issue/1.html]
[www.sciencedirect.com/journal/biological-conservation/vol/68/issue/2.html]
[www.sciencedirect.com/journal/biological-conservation/vol/68/issue/3.html]
[www.sciencedirect.com/journal/biological-conservation/vol/68/issue/2.html]
[www.sciencedirect.com/journal/biological-conservation/vol/68/issue/1.html]
[www.sciencedirect.com/journal/biological-conservation/vol/68/issue/1.html]
[www.sciencedirect.com/journal/biological-conservation/vol/67/issue/3.html]
[www.sciencedirect.com/journal/biological-conservation/vol/67/issue/3.html]
[www.sciencedirect.com/journal/biological-conservation/vol/67/issue/2.html]
[www.sciencedirect.com/journal/biological-conservation/vol/67/issue/2.html]
[www.sciencedirect.com/journal/biological-conservation/vol/67/issue/1.html]
[www.sciencedirect.com/journal/biological-conservation/vol/67/issue/1.html]
[www.sciencedirect.com/journal/biological-conservation/vol/66/issue/3.html]
[www.sciencedirect.com/journal/biological-conservation/vol/66/issue/3.html]
[www.sciencedirect.com/journal/biological-conservation/vol/66/issue/2.html]
[www.sciencedirect.com/journal/biological-conservation/vol/66/issue/2.html]
[www.sciencedirect.com/journal/biological-conservation/vol/66/issue/1.html]
[www.sciencedirect.com/journal/biological-conservation/vol/65/issue/3.html]
[www.sciencedirect.com/journal/biological-conservation/vol/66/issue/1.html]
[www.sciencedirect.com/journal/biological-conservation/vol/65/issue/3.html]
[www.sciencedirect.com/journal/biological-conservation/vol/65/issue/2.html]
[www.sciencedirect.com/journal/biological-conservation/vol/65/issue/2.html]
[www.sciencedirect.com/journal/biological-conservation/vol/65/issue/1.html]
[www.sciencedirect.com/journal/biological-conservation/vol/65/issue/1.html]
[www.sciencedirect.com/journal/biological-conservation/vol/64/issue/3.html]
[www.sciencedirect.com/journal/biological-conservation/vol/64/issue/3.html]
[www.sciencedirect.com/journal/biological-conservation/vol/64/issue/2.html]
[www.sciencedirect.com/journal/biological-conservation/vol/64/issue/2.html]
[www.sciencedirect.com/journal/biological-conservation/vol/64/issue/1.html]
[www.sciencedirect.com/journal/biological-conservation/vol/64/issue/1.html]
[www.sciencedirect.com/journal/biological-conservation/vol/63/issue/3.html]
[www.sciencedirect.com/journal/biological-conservation/vol/63/issue/3.html]
[www.sciencedirect.com/journal/biological-conservation/vol/63/issue/2.html]
[www.sciencedirect.com/journal/biological-conservation/vol/63/issue/2.html]
[www.sciencedirect.com/journal/biological-conservation/vol/63/issue/1.html]
[www.sciencedirect.com/journal/biological-conservation/vol/63/issue/1.html]
[www.sciencedirect.com/journal/biological-conservation/vol/62/issue/3.html]
[www.sciencedirect.com/journal/biological-conservation/vol/62/issue/3.html]
[www.sciencedirect.com/journal/biological-conservation/vol/62/issue/2.html]
[www.sciencedirect.com/journal/biological-conservation/vol/62/issue/2.html]
[www.sciencedirect.com/journal/biological-conservation/vol/62/issue/1.html]
[www.sciencedirect.com/journal/biological-conservation/vol/61/issue/3.html]
[www.sciencedirect.com/journal/biological-conservation/vol/62/issue/1.html]
[www.sciencedirect.com/journal/biological-conservation/vol/61/issue/2.html]
[www.sciencedirect.com/journal/biological-conservation/vol/61/issue/3.html]
[www.sciencedirect.com/journal/biological-conservation/vol/61/issue/2.html]
[www.sciencedirect.com/journal/biological-conservation/vol/61/issue/1.html]
[www.sciencedirect.com/journal/biological-conservation/vol/61/issue/1.html]
[www.sciencedirect.com/journal/biological-conservation/vol/60/issue/3.html]
[www.sciencedirect.com/journal/biological-conservation/vol/60/issue/3.html]
[www.sciencedirect.com/journal/biological-conservation/vol/60/issue/2.html]
[www.sciencedirect.com/journal/biological-conservation/vol/60/issue/2.html]
[www.sciencedirect.com/journal/biological-conservation/vol/60/issue/1.html]
[www.sciencedirect.com/journal/biological-conservation/vol/60/issue/1.html]
[www.sciencedirect.com/journal/biological-conservation/vol/59/issue/2.html]
[www.sciencedirect.com/journal/biological-conservation/vol/59/issue/2.html]
[www.sciencedirect.com/journal/biological-conservation/vol/59/issue/1.html]
[www.sciencedirect.com/journal/biological-conservation/vol/59/issue/1.html]
[www.sciencedirect.com/journal/biological-conservation/vol/58/issue/3.html]
[www.sciencedirect.com/journal/biological-conservation/vol/58/issue/2.html]
[www.sciencedirect.com/journal/biological-conservation/vol/58/issue/3.html]
[www.sciencedirect.com/journal/biological-conservation/vol/58/issue/1.html]
[www.sciencedirect.com/journal/biological-conservation/vol/58/issue/2.html]
[www.sciencedirect.com/journal/biological-conservation/vol/57/issue/3.html]
[www.sciencedirect.com/journal/biological-conservation/vol/58/issue/1.html]
[www.sciencedirect.com/journal/biological-conservation/vol/57/issue/2.html]
[www.sciencedirect.com/journal/biological-conservation/vol/57/issue/3.html]
[www.sciencedirect.com/journal/biological-conservation/vol/57/issue/1.html]
[www.sciencedirect.com/journal/biological-conservation/vol/57/issue/2.html]
[www.sciencedirect.com/journal/biological-conservation/vol/56/issue/3.html]
[www.sciencedirect.com/journal/biological-conservation/vol/57/issue/1.html]
[www.sciencedirect.com/journal/biological-conservation/vol/56/issue/2.html]
[www.sciencedirect.com/journal/biological-conservation/vol/56/issue/3.html]
[www.sciencedirect.com/journal/biological-conservation/vol/56/issue/1.html]
[www.sciencedirect.com/journal/biological-conservation/vol/56/issue/2.html]
[www.sciencedirect.com/journal/biological-conservation/vol/55/issue/3.html]
[www.sciencedirect.com/journal/biological-conservation/vol/56/issue/1.html]
[www.sciencedirect.com/journal/biological-conservation/vol/55/issue/2.html]
[www.sciencedirect.com/journal/biological-conservation/vol/55/issue/3.html]
[www.sciencedirect.com/journal/biological-conservation/vol/55/issue/1.html]
[www.sciencedirect.com/journal/biological-conservation/vol/55/issue/2.html]
[www.sciencedirect.com/journal/biological-conservation/vol/54/issue/4.html]
[www.sciencedirect.com/journal/biological-conservation/vol/55/issue/1.html]
[www.sciencedirect.com/journal/biological-conservation/vol/54/issue/3.html]
[www.sciencedirect.com/journal/biological-conservation/vol/54/issue/4.html]
[www.sciencedirect.com/journal/biological-conservation/vol/54/issue/2.html]
[www.sciencedirect.com/journal/biological-conservation/vol/54/issue/3.html]
[www.sciencedirect.com/journal/biological-conservation/vol/54/issue/1.html]
[www.sciencedirect.com/journal/biological-conservation/vol/54/issue/2.html]
[www.sciencedirect.com/journal/biological-conservation/vol/53/issue/4.html]
[www.sciencedirect.com/journal/biological-conservation/vol/54/issue/1.html]
[www.sciencedirect.com/journal/biological-conservation/vol/53/issue/3.html]
[www.sciencedirect.com/journal/biological-conservation/vol/53/issue/4.html]
[www.sciencedirect.com/journal/biological-conservation/vol/53/issue/2.html]
[www.sciencedirect.com/journal/biological-conservation/vol/53/issue/3.html]
[www.sciencedirect.com/journal/biological-conservation/vol/53/issue/1.html]
[www.sciencedirect.com/journal/biological-conservation/vol/53/issue/2.html]
[www.sciencedirect.com/journal/biological-conservation/vol/52/issue/4.html]
[www.sciencedirect.com/journal/biological-conservation/vol/53/issue/1.html]
[www.sciencedirect.com/journal/biological-conservation/vol/52/issue/3.html]
[www.sciencedirect.com/journal/biological-conservation/vol/52/issue/4.html]
[www.sciencedirect.com/journal/biological-conservation/vol/52/issue/2.html]
[www.sciencedirect.com/journal/biological-conservation/vol/52/issue/3.html]
[www.sciencedirect.com/journal/biological-conservation/vol/52/issue/1.html]
[www.sciencedirect.com/journal/biological-conservation/vol/52/issue/2.html]
[www.sciencedirect.com/journal/biological-conservation/vol/51/issue/4.html]
[www.sciencedirect.com/journal/biological-conservation/vol/52/issue/1.html]
[www.sciencedirect.com/journal/biological-conservation/vol/51/issue/3.html]
[www.sciencedirect.com/journal/biological-conservation/vol/51/issue/4.html]
[www.sciencedirect.com/journal/biological-conservation/vol/51/issue/2.html]
[www.sciencedirect.com/journal/biological-conservation/vol/51/issue/3.html]
[www.sciencedirect.com/journal/biological-conservation/vol/51/issue/1.html]
[www.sciencedirect.com/journal/biological-conservation/vol/51/issue/2.html]
[www.sciencedirect.com/journal/biological-conservation/vol/50/issue/1.html]
[www.sciencedirect.com/journal/biological-conservation/vol/51/issue/1.html]
[www.sciencedirect.com/journal/biological-conservation/vol/49/issue/4.html]
[www.sciencedirect.com/journal/biological-conservation/vol/50/issue/1.html]
[www.sciencedirect.com/journal/biological-conservation/vol/49/issue/3.html]
[www.sciencedirect.com/journal/biological-conservation/vol/49/issue/4.html]
[www.sciencedirect.com/journal/biological-conservation/vol/49/issue/2.html]
[www.sciencedirect.com/journal/biological-conservation/vol/49/issue/3.html]
[www.sciencedirect.com/journal/biological-conservation/vol/49/issue/1.html]
[www.sciencedirect.com/journal/biological-conservation/vol/49/issue/2.html]
[www.sciencedirect.com/journal/biological-conservation/vol/48/issue/4.html]
[www.sciencedirect.com/journal/biological-conservation/vol/49/issue/1.html]
[www.sciencedirect.com/journal/biological-conservation/vol/48/issue/3.html]
[www.sciencedirect.com/journal/biological-conservation/vol/48/issue/4.html]
[www.sciencedirect.com/journal/biological-conservation/vol/48/issue/2.html]
[www.sciencedirect.com/journal/biological-conservation/vol/48/issue/3.html]
[www.sciencedirect.com/journal/biological-conservation/vol/48/issue/1.html]
[www.sciencedirect.com/journal/biological-conservation/vol/48/issue/2.html]
[www.sciencedirect.com/journal/biological-conservation/vol/47/issue/4.html]
[www.sciencedirect.com/journal/biological-conservation/vol/48/issue/1.html]
[www.sciencedirect.com/journal/biological-conservation/vol/47/issue/3.html]
[www.sciencedirect.com/journal/biological-conservation/vol/47/issue/4.html]
[www.sciencedirect.com/journal/biological-conservation/vol/47/issue/2.html]
[www.sciencedirect.com/journal/biological-conservation/vol/47/issue/3.html]
[www.sciencedirect.com/journal/biological-conservation/vol/47/issue/1.html]
[www.sciencedirect.com/journal/biological-conservation/vol/47/issue/2.html]
[www.sciencedirect.com/journal/biological-conservation/vol/46/issue/4.html]
[www.sciencedirect.com/journal/biological-conservation/vol/47/issue/1.html]
[www.sciencedirect.com/journal/biological-conservation/vol/46/issue/3.html]
[www.sciencedirect.com/journal/biological-conservation/vol/46/issue/4.html]
[www.sciencedirect.com/journal/biological-conservation/vol/46/issue/2.html]
[www.sciencedirect.com/journal/biological-conservation/vol/46/issue/3.html]
[www.sciencedirect.com/journal/biological-conservation/vol/46/issue/1.html]
[www.sciencedirect.com/journal/biological-conservation/vol/46/issue/2.html]
[www.sciencedirect.com/journal/biological-conservation/vol/45/issue/4.html]
[www.sciencedirect.com/journal/biological-conservation/vol/46/issue/1.html]
[www.sciencedirect.com/journal/biological-conservation/vol/45/issue/3.html]
[www.sciencedirect.com/journal/biological-conservation/vol/45/issue/4.html]
[www.sciencedirect.com/journal/biological-conservation/vol/45/issue/2.html]
[www.sciencedirect.com/journal/biological-conservation/vol/45/issue/3.html]
[www.sciencedirect.com/journal/biological-conservation/vol/45/issue/1.html]
[www.sciencedirect.com/journal/biological-conservation/vol/45/issue/2.html]
[www.sciencedirect.com/journal/biological-conservation/vol/44/issue/4.html]
[www.sciencedirect.com/journal/biological-conservation/vol/45/issue/1.html]
[www.sciencedirect.com/journal/biological-conservation/vol/44/issue/3.html]
[www.sciencedirect.com/journal/biological-conservation/vol/44/issue/4.html]
[www.sciencedirect.com/journal/biological-conservation/vol/44/issue/1.html]
[www.sciencedirect.com/journal/biological-conservation/vol/44/issue/3.html]
[www.sciencedirect.com/journal/biological-conservation/vol/43/issue/4.html]
[www.sciencedirect.com/journal/biological-conservation/vol/44/issue/1.html]
[www.sciencedirect.com/journal/biological-conservation/vol/43/issue/3.html]
[www.sciencedirect.com/journal/biological-conservation/vol/43/issue/4.html]
[www.sciencedirect.com/journal/biological-conservation/vol/43/issue/2.html]
[www.sciencedirect.com/journal/biological-conservation/vol/43/issue/3.html]
[www.sciencedirect.com/journal/biological-conservation/vol/43/issue/1.html]
[www.sciencedirect.com/journal/biological-conservation/vol/43/issue/2.html]
[www.sciencedirect.com/journal/biological-conservation/vol/42/issue/4.html]
[www.sciencedirect.com/journal/biological-conservation/vol/43/issue/1.html]
[www.sciencedirect.com/journal/biological-conservation/vol/42/issue/3.html]
[www.sciencedirect.com/journal/biological-conservation/vol/42/issue/4.html]
[www.sciencedirect.com/journal/biological-conservation/vol/42/issue/2.html]
[www.sciencedirect.com/journal/biological-conservation/vol/42/issue/3.html]
[www.sciencedirect.com/journal/biological-conservation/vol/42/issue/1.html]
[www.sciencedirect.com/journal/biological-conservation/vol/42/issue/2.html]
[www.sciencedirect.com/journal/biological-conservation/vol/41/issue/4.html]
[www.sciencedirect.com/journal/biological-conservation/vol/42/issue/1.html]
[www.sciencedirect.com/journal/biological-conservation/vol/41/issue/3.html]
[www.sciencedirect.com/journal/biological-conservation/vol/41/issue/4.html]
[www.sciencedirect.com/journal/biological-conservation/vol/41/issue/2.html]
[www.sciencedirect.com/journal/biological-conservation/vol/41/issue/3.html]
[www.sciencedirect.com/journal/biological-conservation/vol/41/issue/1.html]
[www.sciencedirect.com/journal/biological-conservation/vol/41/issue/2.html]
[www.sciencedirect.com/journal/biological-conservation/vol/40/issue/4.html]
[www.sciencedirect.com/journal/biological-conservation/vol/41/issue/1.html]
[www.sciencedirect.com/journal/biological-conservation/vol/40/issue/3.html]
[www.sciencedirect.com/journal/biological-conservation/vol/40/issue/4.html]
[www.sciencedirect.com/journal/biological-conservation/vol/40/issue/2.html]
[www.sciencedirect.com/journal/biological-conservation/vol/40/issue/3.html]
[www.sciencedirect.com/journal/biological-conservation/vol/40/issue/1.html]
[www.sciencedirect.com/journal/biological-conservation/vol/40/issue/2.html]
[www.sciencedirect.com/journal/biological-conservation/vol/39/issue/4.html]
[www.sciencedirect.com/journal/biological-conservation/vol/40/issue/1.html]
[www.sciencedirect.com/journal/biological-conservation/vol/39/issue/3.html]
[www.sciencedirect.com/journal/biological-conservation/vol/39/issue/4.html]
[www.sciencedirect.com/journal/biological-conservation/vol/39/issue/2.html]
[www.sciencedirect.com/journal/biological-conservation/vol/39/issue/3.html]
[www.sciencedirect.com/journal/biological-conservation/vol/39/issue/1.html]
[www.sciencedirect.com/journal/biological-conservation/vol/39/issue/2.html]
[www.sciencedirect.com/journal/biological-conservation/vol/38/issue/4.html]
[www.sciencedirect.com/journal/biological-conservation/vol/39/issue/1.html]
[www.sciencedirect.com/journal/biological-conservation/vol/38/issue/3.html]
[www.sciencedirect.com/journal/biological-conservation/vol/38/issue/4.html]
[www.sciencedirect.com/journal/biological-conservation/vol/38/issue/2.html]
[www.sciencedirect.com/journal/biological-conservation/vol/38/issue/3.html]
[www.sciencedirect.com/journal/biological-conservation/vol/38/issue/1.html]
[www.sciencedirect.com/journal/biological-conservation/vol/38/issue/2.html]
[www.sciencedirect.com/journal/biological-conservation/vol/37/issue/4.html]
[www.sciencedirect.com/journal/biological-conservation/vol/38/issue/1.html]
[www.sciencedirect.com/journal/biological-conservation/vol/37/issue/3.html]
[www.sciencedirect.com/journal/biological-conservation/vol/37/issue/4.html]
[www.sciencedirect.com/journal/biological-conservation/vol/37/issue/2.html]
[www.sciencedirect.com/journal/biological-conservation/vol/37/issue/3.html]
[www.sciencedirect.com/journal/biological-conservation/vol/37/issue/1.html]
[www.sciencedirect.com/journal/biological-conservation/vol/37/issue/2.html]
[www.sciencedirect.com/journal/biological-conservation/vol/36/issue/4.html]
[www.sciencedirect.com/journal/biological-conservation/vol/37/issue/1.html]
[www.sciencedirect.com/journal/biological-conservation/vol/36/issue/3.html]
[www.sciencedirect.com/journal/biological-conservation/vol/36/issue/4.html]
[www.sciencedirect.com/journal/biological-conservation/vol/36/issue/2.html]
[www.sciencedirect.com/journal/biological-conservation/vol/36/issue/3.html]
[www.sciencedirect.com/journal/biological-conservation/vol/36/issue/1.html]
[www.sciencedirect.com/journal/biological-conservation/vol/36/issue/2.html]
[www.sciencedirect.com/journal/biological-conservation/vol/35/issue/4.html]
[www.sciencedirect.com/journal/biological-conservation/vol/36/issue/1.html]
[www.sciencedirect.com/journal/biological-conservation/vol/35/issue/3.html]
[www.sciencedirect.com/journal/biological-conservation/vol/35/issue/4.html]
[www.sciencedirect.com/journal/biological-conservation/vol/35/issue/2.html]
[www.sciencedirect.com/journal/biological-conservation/vol/35/issue/3.html]
[www.sciencedirect.com/journal/biological-conservation/vol/35/issue/2.html]
[www.sciencedirect.com/journal/biological-conservation/vol/35/issue/1.html]
[www.sciencedirect.com/journal/biological-conservation/vol/35/issue/1.html]
[www.sciencedirect.com/journal/biological-conservation/vol/34/issue/4.html]
[www.sciencedirect.com/journal/biological-conservation/vol/34/issue/3.html]
[www.sciencedirect.com/journal/biological-conservation/vol/34/issue/4.html]
[www.sciencedirect.com/journal/biological-conservation/vol/34/issue/2.html]
[www.sciencedirect.com/journal/biological-conservation/vol/34/issue/3.html]
[www.sciencedirect.com/journal/biological-conservation/vol/34/issue/1.html]
[www.sciencedirect.com/journal/biological-conservation/vol/34/issue/2.html]
[www.sciencedirect.com/journal/biological-conservation/vol/33/issue/4.html]
[www.sciencedirect.com/journal/biological-conservation/vol/34/issue/1.html]
[www.sciencedirect.com/journal/biological-conservation/vol/33/issue/3.html]
[www.sciencedirect.com/journal/biological-conservation/vol/33/issue/4.html]
[www.sciencedirect.com/journal/biological-conservation/vol/33/issue/2.html]
[www.sciencedirect.com/journal/biological-conservation/vol/33/issue/3.html]
[www.sciencedirect.com/journal/biological-conservation/vol/33/issue/1.html]
[www.sciencedirect.com/journal/biological-conservation/vol/33/issue/2.html]
[www.sciencedirect.com/journal/biological-conservation/vol/32/issue/4.html]
[www.sciencedirect.com/journal/biological-conservation/vol/33/issue/1.html]
[www.sciencedirect.com/journal/biological-conservation/vol/32/issue/3.html]
[www.sciencedirect.com/journal/biological-conservation/vol/32/issue/4.html]
[www.sciencedirect.com/journal/biological-conservation/vol/32/issue/2.html]
[www.sciencedirect.com/journal/biological-conservation/vol/32/issue/3.html]
[www.sciencedirect.com/journal/biological-conservation/vol/32/issue/1.html]
[www.sciencedirect.com/journal/biological-conservation/vol/32/issue/2.html]
[www.sciencedirect.com/journal/biological-conservation/vol/31/issue/4.html]
[www.sciencedirect.com/journal/biological-conservation/vol/32/issue/1.html]
[www.sciencedirect.com/journal/biological-conservation/vol/31/issue/3.html]
[www.sciencedirect.com/journal/biological-conservation/vol/31/issue/4.html]
[www.sciencedirect.com/journal/biological-conservation/vol/31/issue/3.html]
[www.sciencedirect.com/journal/biological-conservation/vol/31/issue/2.html]
[www.sciencedirect.com/journal/biological-conservation/vol/31/issue/1.html]
[www.sciencedirect.com/journal/biological-conservation/vol/31/issue/2.html]
[www.sciencedirect.com/journal/biological-conservation/vol/30/issue/4.html]
[www.sciencedirect.com/journal/biological-conservation/vol/31/issue/1.html]
[www.sciencedirect.com/journal/biological-conservation/vol/30/issue/3.html]
[www.sciencedirect.com/journal/biological-conservation/vol/30/issue/4.html]
[www.sciencedirect.com/journal/biological-conservation/vol/30/issue/2.html]
[www.sciencedirect.com/journal/biological-conservation/vol/30/issue/3.html]
[www.sciencedirect.com/journal/biological-conservation/vol/30/issue/1.html]
[www.sciencedirect.com/journal/biological-conservation/vol/30/issue/2.html]
[www.sciencedirect.com/journal/biological-conservation/vol/29/issue/4.html]
[www.sciencedirect.com/journal/biological-conservation/vol/30/issue/1.html]
[www.sciencedirect.com/journal/biological-conservation/vol/29/issue/3.html]
[www.sciencedirect.com/journal/biological-conservation/vol/29/issue/4.html]
[www.sciencedirect.com/journal/biological-conservation/vol/29/issue/2.html]
[www.sciencedirect.com/journal/biological-conservation/vol/29/issue/3.html]
[www.sciencedirect.com/journal/biological-conservation/vol/29/issue/1.html]
[www.sciencedirect.com/journal/biological-conservation/vol/29/issue/2.html]
[www.sciencedirect.com/journal/biological-conservation/vol/28/issue/4.html]
[www.sciencedirect.com/journal/biological-conservation/vol/29/issue/1.html]
[www.sciencedirect.com/journal/biological-conservation/vol/28/issue/3.html]
[www.sciencedirect.com/journal/biological-conservation/vol/28/issue/4.html]
[www.sciencedirect.com/journal/biological-conservation/vol/28/issue/2.html]
[www.sciencedirect.com/journal/biological-conservation/vol/28/issue/3.html]
[www.sciencedirect.com/journal/biological-conservation/vol/28/issue/1.html]
[www.sciencedirect.com/journal/biological-conservation/vol/28/issue/2.html]
[www.sciencedirect.com/journal/biological-conservation/vol/27/issue/4.html]
[www.sciencedirect.com/journal/biological-conservation/vol/28/issue/1.html]
[www.sciencedirect.com/journal/biological-conservation/vol/27/issue/3.html]
[www.sciencedirect.com/journal/biological-conservation/vol/27/issue/4.html]
[www.sciencedirect.com/journal/biological-conservation/vol/27/issue/2.html]
[www.sciencedirect.com/journal/biological-conservation/vol/27/issue/3.html]
[www.sciencedirect.com/journal/biological-conservation/vol/27/issue/1.html]
[www.sciencedirect.com/journal/biological-conservation/vol/27/issue/2.html]
[www.sciencedirect.com/journal/biological-conservation/vol/26/issue/4.html]
[www.sciencedirect.com/journal/biological-conservation/vol/27/issue/1.html]
[www.sciencedirect.com/journal/biological-conservation/vol/26/issue/3.html]
[www.sciencedirect.com/journal/biological-conservation/vol/26/issue/4.html]
[www.sciencedirect.com/journal/biological-conservation/vol/26/issue/2.html]
[www.sciencedirect.com/journal/biological-conservation/vol/26/issue/3.html]
[www.sciencedirect.com/journal/biological-conservation/vol/26/issue/1.html]
[www.sciencedirect.com/journal/biological-conservation/vol/26/issue/2.html]
[www.sciencedirect.com/journal/biological-conservation/vol/25/issue/4.html]
[www.sciencedirect.com/journal/biological-conservation/vol/26/issue/1.html]
[www.sciencedirect.com/journal/biological-conservation/vol/25/issue/3.html]
[www.sciencedirect.com/journal/biological-conservation/vol/25/issue/4.html]
[www.sciencedirect.com/journal/biological-conservation/vol/25/issue/2.html]
[www.sciencedirect.com/journal/biological-conservation/vol/25/issue/3.html]
[www.sciencedirect.com/journal/biological-conservation/vol/25/issue/1.html]
[www.sciencedirect.com/journal/biological-conservation/vol/25/issue/2.html]
[www.sciencedirect.com/journal/biological-conservation/vol/24/issue/4.html]
[www.sciencedirect.com/journal/biological-conservation/vol/25/issue/1.html]
[www.sciencedirect.com/journal/biological-conservation/vol/24/issue/3.html]
[www.sciencedirect.com/journal/biological-conservation/vol/24/issue/4.html]
[www.sciencedirect.com/journal/biological-conservation/vol/24/issue/2.html]
[www.sciencedirect.com/journal/biological-conservation/vol/24/issue/3.html]
[www.sciencedirect.com/journal/biological-conservation/vol/24/issue/1.html]
[www.sciencedirect.com/journal/biological-conservation/vol/24/issue/2.html]
[www.sciencedirect.com/journal/biological-conservation/vol/23/issue/4.html]
[www.sciencedirect.com/journal/biological-conservation/vol/24/issue/1.html]
[www.sciencedirect.com/journal/biological-conservation/vol/23/issue/3.html]
[www.sciencedirect.com/journal/biological-conservation/vol/23/issue/4.html]
[www.sciencedirect.com/journal/biological-conservation/vol/23/issue/2.html]
[www.sciencedirect.com/journal/biological-conservation/vol/23/issue/3.html]
[www.sciencedirect.com/journal/biological-conservation/vol/23/issue/1.html]
[www.sciencedirect.com/journal/biological-conservation/vol/23/issue/2.html]
[www.sciencedirect.com/journal/biological-conservation/vol/22/issue/4.html]
[www.sciencedirect.com/journal/biological-conservation/vol/23/issue/1.html]
[www.sciencedirect.com/journal/biological-conservation/vol/22/issue/3.html]
[www.sciencedirect.com/journal/biological-conservation/vol/22/issue/4.html]
[www.sciencedirect.com/journal/biological-conservation/vol/22/issue/2.html]
[www.sciencedirect.com/journal/biological-conservation/vol/22/issue/3.html]
[www.sciencedirect.com/journal/biological-conservation/vol/22/issue/1.html]
[www.sciencedirect.com/journal/biological-conservation/vol/22/issue/2.html]
[www.sciencedirect.com/journal/biological-conservation/vol/21/issue/4.html]
[www.sciencedirect.com/journal/biological-conservation/vol/22/issue/1.html]
[www.sciencedirect.com/journal/biological-conservation/vol/21/issue/3.html]
[www.sciencedirect.com/journal/biological-conservation/vol/21/issue/4.html]
[www.sciencedirect.com/journal/biological-conservation/vol/21/issue/2.html]
[www.sciencedirect.com/journal/biological-conservation/vol/21/issue/3.html]
[www.sciencedirect.com/journal/biological-conservation/vol/21/issue/1.html]
[www.sciencedirect.com/journal/biological-conservation/vol/21/issue/2.html]
[www.sciencedirect.com/journal/biological-conservation/vol/20/issue/4.html]
[www.sciencedirect.com/journal/biological-conservation/vol/21/issue/1.html]
[www.sciencedirect.com/journal/biological-conservation/vol/20/issue/3.html]
[www.sciencedirect.com/journal/biological-conservation/vol/20/issue/4.html]
[www.sciencedirect.com/journal/biological-conservation/vol/20/issue/2.html]
[www.sciencedirect.com/journal/biological-conservation/vol/20/issue/3.html]
[www.sciencedirect.com/journal/biological-conservation/vol/20/issue/1.html]
[www.sciencedirect.com/journal/biological-conservation/vol/20/issue/2.html]
[www.sciencedirect.com/journal/biological-conservation/vol/19/issue/4.html]
[www.sciencedirect.com/journal/biological-conservation/vol/20/issue/1.html]
[www.sciencedirect.com/journal/biological-conservation/vol/19/issue/3.html]
[www.sciencedirect.com/journal/biological-conservation/vol/19/issue/4.html]
[www.sciencedirect.com/journal/biological-conservation/vol/19/issue/2.html]
[www.sciencedirect.com/journal/biological-conservation/vol/19/issue/3.html]
[www.sciencedirect.com/journal/biological-conservation/vol/19/issue/1.html]
[www.sciencedirect.com/journal/biological-conservation/vol/19/issue/2.html]
[www.sciencedirect.com/journal/biological-conservation/vol/18/issue/4.html]
[www.sciencedirect.com/journal/biological-conservation/vol/19/issue/1.html]
[www.sciencedirect.com/journal/biological-conservation/vol/18/issue/3.html]
[www.sciencedirect.com/journal/biological-conservation/vol/18/issue/4.html]
[www.sciencedirect.com/journal/biological-conservation/vol/18/issue/2.html]
[www.sciencedirect.com/journal/biological-conservation/vol/18/issue/3.html]
[www.sciencedirect.com/journal/biological-conservation/vol/18/issue/1.html]
[www.sciencedirect.com/journal/biological-conservation/vol/18/issue/2.html]
[www.sciencedirect.com/journal/biological-conservation/vol/17/issue/4.html]
[www.sciencedirect.com/journal/biological-conservation/vol/18/issue/1.html]
[www.sciencedirect.com/journal/biological-conservation/vol/17/issue/3.html]
[www.sciencedirect.com/journal/biological-conservation/vol/17/issue/4.html]
[www.sciencedirect.com/journal/biological-conservation/vol/17/issue/2.html]
[www.sciencedirect.com/journal/biological-conservation/vol/17/issue/3.html]
[www.sciencedirect.com/journal/biological-conservation/vol/17/issue/1.html]
[www.sciencedirect.com/journal/biological-conservation/vol/17/issue/2.html]
[www.sciencedirect.com/journal/biological-conservation/vol/16/issue/4.html]
[www.sciencedirect.com/journal/biological-conservation/vol/17/issue/1.html]
[www.sciencedirect.com/journal/biological-conservation/vol/16/issue/3.html]
[www.sciencedirect.com/journal/biological-conservation/vol/16/issue/4.html]
[www.sciencedirect.com/journal/biological-conservation/vol/16/issue/2.html]
[www.sciencedirect.com/journal/biological-conservation/vol/16/issue/3.html]
[www.sciencedirect.com/journal/biological-conservation/vol/16/issue/1.html]
[www.sciencedirect.com/journal/biological-conservation/vol/16/issue/2.html]
[www.sciencedirect.com/journal/biological-conservation/vol/15/issue/4.html]
[www.sciencedirect.com/journal/biological-conservation/vol/16/issue/1.html]
[www.sciencedirect.com/journal/biological-conservation/vol/15/issue/3.html]
[www.sciencedirect.com/journal/biological-conservation/vol/15/issue/4.html]
[www.sciencedirect.com/journal/biological-conservation/vol/15/issue/2.html]
[www.sciencedirect.com/journal/biological-conservation/vol/15/issue/3.html]
[www.sciencedirect.com/journal/biological-conservation/vol/15/issue/1.html]
[www.sciencedirect.com/journal/biological-conservation/vol/15/issue/2.html]
[www.sciencedirect.com/journal/biological-conservation/vol/14/issue/4.html]
[www.sciencedirect.com/journal/biological-conservation/vol/15/issue/1.html]
[www.sciencedirect.com/journal/biological-conservation/vol/14/issue/3.html]
[www.sciencedirect.com/journal/biological-conservation/vol/14/issue/4.html]
[www.sciencedirect.com/journal/biological-conservation/vol/14/issue/2.html]
[www.sciencedirect.com/journal/biological-conservation/vol/14/issue/3.html]
[www.sciencedirect.com/journal/biological-conservation/vol/14/issue/1.html]
[www.sciencedirect.com/journal/biological-conservation/vol/14/issue/2.html]
[www.sciencedirect.com/journal/biological-conservation/vol/13/issue/4.html]
[www.sciencedirect.com/journal/biological-conservation/vol/14/issue/1.html]
[www.sciencedirect.com/journal/biological-conservation/vol/13/issue/3.html]
[www.sciencedirect.com/journal/biological-conservation/vol/13/issue/4.html]
[www.sciencedirect.com/journal/biological-conservation/vol/13/issue/2.html]
[www.sciencedirect.com/journal/biological-conservation/vol/13/issue/3.html]
[www.sciencedirect.com/journal/biological-conservation/vol/13/issue/1.html]
[www.sciencedirect.com/journal/biological-conservation/vol/13/issue/2.html]
[www.sciencedirect.com/journal/biological-conservation/vol/12/issue/4.html]
[www.sciencedirect.com/journal/biological-conservation/vol/13/issue/1.html]
[www.sciencedirect.com/journal/biological-conservation/vol/12/issue/3.html]
[www.sciencedirect.com/journal/biological-conservation/vol/12/issue/4.html]
[www.sciencedirect.com/journal/biological-conservation/vol/12/issue/2.html]
[www.sciencedirect.com/journal/biological-conservation/vol/12/issue/3.html]
[www.sciencedirect.com/journal/biological-conservation/vol/12/issue/1.html]
[www.sciencedirect.com/journal/biological-conservation/vol/12/issue/2.html]
[www.sciencedirect.com/journal/biological-conservation/vol/11/issue/4.html]
[www.sciencedirect.com/journal/biological-conservation/vol/12/issue/1.html]
[www.sciencedirect.com/journal/biological-conservation/vol/11/issue/3.html]
[www.sciencedirect.com/journal/biological-conservation/vol/11/issue/4.html]
[www.sciencedirect.com/journal/biological-conservation/vol/11/issue/2.html]
[www.sciencedirect.com/journal/biological-conservation/vol/11/issue/3.html]
[www.sciencedirect.com/journal/biological-conservation/vol/11/issue/1.html]
[www.sciencedirect.com/journal/biological-conservation/vol/11/issue/2.html]
[www.sciencedirect.com/journal/biological-conservation/vol/10/issue/4.html]
[www.sciencedirect.com/journal/biological-conservation/vol/11/issue/1.html]
[www.sciencedirect.com/journal/biological-conservation/vol/10/issue/3.html]
[www.sciencedirect.com/journal/biological-conservation/vol/10/issue/4.html]
[www.sciencedirect.com/journal/biological-conservation/vol/10/issue/2.html]
[www.sciencedirect.com/journal/biological-conservation/vol/10/issue/3.html]
[www.sciencedirect.com/journal/biological-conservation/vol/10/issue/1.html]
[www.sciencedirect.com/journal/biological-conservation/vol/10/issue/2.html]
[www.sciencedirect.com/journal/biological-conservation/vol/9/issue/4.html]
[www.sciencedirect.com/journal/biological-conservation/vol/10/issue/1.html]
[www.sciencedirect.com/journal/biological-conservation/vol/9/issue/3.html]
[www.sciencedirect.com/journal/biological-conservation/vol/9/issue/4.html]
[www.sciencedirect.com/journal/biological-conservation/vol/9/issue/2.html]
[www.sciencedirect.com/journal/biological-conservation/vol/9/issue/3.html]
[www.sciencedirect.com/journal/biological-conservation/vol/9/issue/1.html]
[www.sciencedirect.com/journal/biological-conservation/vol/9/issue/2.html]
[www.sciencedirect.com/journal/biological-conservation/vol/8/issue/4.html]
[www.sciencedirect.com/journal/biological-conservation/vol/9/issue/1.html]
[www.sciencedirect.com/journal/biological-conservation/vol/8/issue/3.html]
[www.sciencedirect.com/journal/biological-conservation/vol/8/issue/4.html]
[www.sciencedirect.com/journal/biological-conservation/vol/8/issue/2.html]
[www.sciencedirect.com/journal/biological-conservation/vol/8/issue/3.html]
[www.sciencedirect.com/journal/biological-conservation/vol/8/issue/1.html]
[www.sciencedirect.com/journal/biological-conservation/vol/8/issue/2.html]
[www.sciencedirect.com/journal/biological-conservation/vol/7/issue/4.html]
[www.sciencedirect.com/journal/biological-conservation/vol/8/issue/1.html]
[www.sciencedirect.com/journal/biological-conservation/vol/7/issue/3.html]
[www.sciencedirect.com/journal/biological-conservation/vol/7/issue/4.html]
[www.sciencedirect.com/journal/biological-conservation/vol/7/issue/2.html]
[www.sciencedirect.com/journal/biological-conservation/vol/7/issue/3.html]
[www.sciencedirect.com/journal/biological-conservation/vol/7/issue/1.html]
[www.sciencedirect.com/journal/biological-conservation/vol/7/issue/2.html]
[www.sciencedirect.com/journal/biological-conservation/vol/6/issue/4.html]
[www.sciencedirect.com/journal/biological-conservation/vol/7/issue/1.html]
[www.sciencedirect.com/journal/biological-conservation/vol/6/issue/3.html]
[www.sciencedirect.com/journal/biological-conservation/vol/6/issue/4.html]
[www.sciencedirect.com/journal/biological-conservation/vol/6/issue/2.html]
[www.sciencedirect.com/journal/biological-conservation/vol/6/issue/3.html]
[www.sciencedirect.com/journal/biological-conservation/vol/6/issue/1.html]
[www.sciencedirect.com/journal/biological-conservation/vol/6/issue/2.html]
[www.sciencedirect.com/journal/biological-conservation/vol/5/issue/4.html]
[www.sciencedirect.com/journal/biological-conservation/vol/6/issue/1.html]
[www.sciencedirect.com/journal/biological-conservation/vol/5/issue/3.html]
[www.sciencedirect.com/journal/biological-conservation/vol/5/issue/4.html]
[www.sciencedirect.com/journal/biological-conservation/vol/5/issue/2.html]
[www.sciencedirect.com/journal/biological-conservation/vol/5/issue/3.html]
[www.sciencedirect.com/journal/biological-conservation/vol/5/issue/1.html]
[www.sciencedirect.com/journal/biological-conservation/vol/5/issue/2.html]
[www.sciencedirect.com/journal/biological-conservation/vol/4/issue/5.html]
[www.sciencedirect.com/journal/biological-conservation/vol/5/issue/1.html]
[www.sciencedirect.com/journal/biological-conservation/vol/4/issue/4.html]
[www.sciencedirect.com/journal/biological-conservation/vol/4/issue/5.html]
[www.sciencedirect.com/journal/biological-conservation/vol/4/issue/4.html]
[www.sciencedirect.com/journal/biological-conservation/vol/4/issue/3.html]
[www.sciencedirect.com/journal/biological-conservation/vol/4/issue/2.html]
[www.sciencedirect.com/journal/biological-conservation/vol/4/issue/3.html]
[www.sciencedirect.com/journal/biological-conservation/vol/4/issue/2.html]
[www.sciencedirect.com/journal/biological-conservation/vol/4/issue/1.html]
[www.sciencedirect.com/journal/biological-conservation/vol/3/issue/4.html]
[www.sciencedirect.com/journal/biological-conservation/vol/4/issue/1.html]
[www.sciencedirect.com/journal/biological-conservation/vol/3/issue/3.html]
[www.sciencedirect.com/journal/biological-conservation/vol/3/issue/4.html]
[www.sciencedirect.com/journal/biological-conservation/vol/3/issue/3.html]
[www.sciencedirect.com/journal/biological-conservation/vol/3/issue/2.html]
[www.sciencedirect.com/journal/biological-conservation/vol/3/issue/2.html]
[www.sciencedirect.com/journal/biological-conservation/vol/3/issue/1.html]
[www.sciencedirect.com/journal/biological-conservation/vol/3/issue/1.html]
[www.sciencedirect.com/journal/biological-conservation/vol/2/issue/4.html]
[www.sciencedirect.com/journal/biological-conservation/vol/2/issue/4.html]
[www.sciencedirect.com/journal/biological-conservation/vol/2/issue/3.html]
[www.sciencedirect.com/journal/biological-conservation/vol/2/issue/3.html]
[www.sciencedirect.com/journal/biological-conservation/vol/2/issue/2.html]
[www.sciencedirect.com/journal/biological-conservation/vol/2/issue/2.html]
[www.sciencedirect.com/journal/biological-conservation/vol/2/issue/1.html]
[www.sciencedirect.com/journal/biological-conservation/vol/2/issue/1.html]
[www.sciencedirect.com/journal/biological-conservation/vol/1/issue/4.html]
[www.sciencedirect.com/journal/biological-conservation/vol/1/issue/4.html]
[www.sciencedirect.com/journal/biological-conservation/vol/1/issue/3.html]
[www.sciencedirect.com/journal/biological-conservation/vol/1/issue/3.html]
[www.sciencedirect.com/journal/biological-conservation/vol/1/issue/2.html]
[www.sciencedirect.com/journal/biological-conservation/vol/1/issue/1.html]
[www.sciencedirect.com/journal/biological-conservation/vol/1/issue/2.html]
[www.sciencedirect.com/journal/biological-conservation/vol/1/issue/1.html]
